Archive member included because of file (symbol)

/users/leeymcj/dune/eglibc-2.14/eglibc-build/elf/rtld-libc.a(rtld-check_fds.os)
                              /users/leeymcj/dune/eglibc-2.14/eglibc-build/elf/dl-allobjs.os (__libc_check_standard_fds)
/users/leeymcj/dune/eglibc-2.14/eglibc-build/elf/rtld-libc.a(rtld-errno.os)
                              /users/leeymcj/dune/eglibc-2.14/eglibc-build/elf/dl-allobjs.os (rtld_errno)
/users/leeymcj/dune/eglibc-2.14/eglibc-build/elf/rtld-libc.a(rtld-closedir.os)
                              /users/leeymcj/dune/eglibc-2.14/eglibc-build/elf/dl-allobjs.os (__closedir)
/users/leeymcj/dune/eglibc-2.14/eglibc-build/elf/rtld-libc.a(rtld-readdir.os)
                              /users/leeymcj/dune/eglibc-2.14/eglibc-build/elf/dl-allobjs.os (__readdir)
/users/leeymcj/dune/eglibc-2.14/eglibc-build/elf/rtld-libc.a(rtld-rewinddir.os)
                              /users/leeymcj/dune/eglibc-2.14/eglibc-build/elf/dl-allobjs.os (rewinddir)
/users/leeymcj/dune/eglibc-2.14/eglibc-build/elf/rtld-libc.a(rtld-getdents.os)
                              /users/leeymcj/dune/eglibc-2.14/eglibc-build/elf/rtld-libc.a(rtld-readdir.os) (__getdents)
/users/leeymcj/dune/eglibc-2.14/eglibc-build/elf/rtld-libc.a(rtld-fdopendir.os)
                              /users/leeymcj/dune/eglibc-2.14/eglibc-build/elf/dl-allobjs.os (__fdopendir)
/users/leeymcj/dune/eglibc-2.14/eglibc-build/elf/rtld-libc.a(rtld-profil.os)
                              /users/leeymcj/dune/eglibc-2.14/eglibc-build/elf/dl-allobjs.os (__profil)
/users/leeymcj/dune/eglibc-2.14/eglibc-build/elf/rtld-libc.a(rtld-prof-freq.os)
                              /users/leeymcj/dune/eglibc-2.14/eglibc-build/elf/dl-allobjs.os (__profile_frequency)
/users/leeymcj/dune/eglibc-2.14/eglibc-build/elf/rtld-libc.a(rtld-xstat.os)
                              /users/leeymcj/dune/eglibc-2.14/eglibc-build/elf/dl-allobjs.os (__GI___xstat64)
/users/leeymcj/dune/eglibc-2.14/eglibc-build/elf/rtld-libc.a(rtld-fxstat.os)
                              /users/leeymcj/dune/eglibc-2.14/eglibc-build/elf/dl-allobjs.os (__GI___fxstat64)
/users/leeymcj/dune/eglibc-2.14/eglibc-build/elf/rtld-libc.a(rtld-lxstat.os)
                              /users/leeymcj/dune/eglibc-2.14/eglibc-build/elf/dl-allobjs.os (__GI___lxstat64)
/users/leeymcj/dune/eglibc-2.14/eglibc-build/elf/rtld-libc.a(rtld-open.os)
                              /users/leeymcj/dune/eglibc-2.14/eglibc-build/elf/dl-allobjs.os (__open)
/users/leeymcj/dune/eglibc-2.14/eglibc-build/elf/rtld-libc.a(rtld-close.os)
                              /users/leeymcj/dune/eglibc-2.14/eglibc-build/elf/dl-allobjs.os (__close)
/users/leeymcj/dune/eglibc-2.14/eglibc-build/elf/rtld-libc.a(rtld-read.os)
                              /users/leeymcj/dune/eglibc-2.14/eglibc-build/elf/dl-allobjs.os (__libc_read)
/users/leeymcj/dune/eglibc-2.14/eglibc-build/elf/rtld-libc.a(rtld-write.os)
                              /users/leeymcj/dune/eglibc-2.14/eglibc-build/elf/dl-allobjs.os (__libc_write)
/users/leeymcj/dune/eglibc-2.14/eglibc-build/elf/rtld-libc.a(rtld-access.os)
                              /users/leeymcj/dune/eglibc-2.14/eglibc-build/elf/dl-allobjs.os (__access)
/users/leeymcj/dune/eglibc-2.14/eglibc-build/elf/rtld-libc.a(rtld-fcntl.os)
                              /users/leeymcj/dune/eglibc-2.14/eglibc-build/elf/rtld-libc.a(rtld-check_fds.os) (__libc_fcntl)
/users/leeymcj/dune/eglibc-2.14/eglibc-build/elf/rtld-libc.a(rtld-getpagesize.os)
                              /users/leeymcj/dune/eglibc-2.14/eglibc-build/elf/dl-allobjs.os (__getpagesize)
/users/leeymcj/dune/eglibc-2.14/eglibc-build/elf/rtld-libc.a(rtld-mmap.os)
                              /users/leeymcj/dune/eglibc-2.14/eglibc-build/elf/dl-allobjs.os (__mmap)
/users/leeymcj/dune/eglibc-2.14/eglibc-build/elf/rtld-libc.a(rtld-munmap.os)
                              /users/leeymcj/dune/eglibc-2.14/eglibc-build/elf/dl-allobjs.os (__munmap)
/users/leeymcj/dune/eglibc-2.14/eglibc-build/elf/rtld-libc.a(rtld-mprotect.os)
                              /users/leeymcj/dune/eglibc-2.14/eglibc-build/elf/dl-allobjs.os (__mprotect)
/users/leeymcj/dune/eglibc-2.14/eglibc-build/elf/rtld-libc.a(rtld-llseek.os)
                              /users/leeymcj/dune/eglibc-2.14/eglibc-build/elf/dl-allobjs.os (__lseek)
/users/leeymcj/dune/eglibc-2.14/eglibc-build/elf/rtld-libc.a(rtld-uname.os)
                              /users/leeymcj/dune/eglibc-2.14/eglibc-build/elf/dl-allobjs.os (__uname)
/users/leeymcj/dune/eglibc-2.14/eglibc-build/elf/rtld-libc.a(rtld-_exit.os)
                              /users/leeymcj/dune/eglibc-2.14/eglibc-build/elf/dl-allobjs.os (_exit)
/users/leeymcj/dune/eglibc-2.14/eglibc-build/elf/rtld-libc.a(rtld-getpid.os)
                              /users/leeymcj/dune/eglibc-2.14/eglibc-build/elf/dl-allobjs.os (__getpid)
/users/leeymcj/dune/eglibc-2.14/eglibc-build/elf/rtld-libc.a(rtld-getuid.os)
[...]
Memory Configuration

Name             Origin             Length             Attributes
*default*        0x0000000000000000 0xffffffffffffffff

Linker script and memory map

START GROUP
LOAD /users/leeymcj/dune/eglibc-2.14/eglibc-build/elf/dl-allobjs.os
LOAD /users/leeymcj/dune/eglibc-2.14/eglibc-build/elf/rtld-libc.a
LOAD /usr/lib/gcc/x86_64-redhat-linux/4.8.5/libgcc.a
END GROUP

.interp
 *(.interp)

.note.gnu.build-id
 *(.note.gnu.build-id)

.hash
 *(.hash)

.gnu.hash
 *(.gnu.hash)

.dynsym
 *(.dynsym)

.dynstr
 *(.dynstr)

.gnu.version
 *(.gnu.version)

.gnu.version_d
 *(.gnu.version_d)

.gnu.version_r
 *(.gnu.version_r)

.rela.init
 *(.rela.init)

.rela.text
 *(.rela.text)

.rela.fini
 *(.rela.fini)

.rela.rodata
 *(.rela.rodata)

.rela.data.rel.ro
 *(.rela.data.rel.ro)

.rela.data
 *(.rela.data)

.rela.tdata
 *(.rela.tdata)

.rela.tbss
 *(.rela.tbss)

.rela.ctors
 *(.rela.ctors)

.rela.dtors
 *(.rela.dtors)

.rela.got
 *(.rela.got)

.rela.sharable_data
 *(.rela.sharable_data)

.rela.sharable_bss
 *(.rela.sharable_bss)

.rela.bss
 *(.rela.bss)

.rela.ldata
 *(.rela.ldata)

.rela.lbss
 *(.rela.lbss)

.rela.lrodata
 *(.rela.lrodata)

.rela.ifunc
 *(.rela.ifunc)

.rela.plt
 *(.rela.plt)

.init
 *(SORT(.init))

.plt
 *(.plt)
 *(.iplt)

.text           0x0000000000000000    0x182da
 *(.text .stub)
 .text          0x0000000000000000    0x152d2 /users/leeymcj/dune/eglibc-2.14/eglibc-build/elf/dl-allobjs.os
                0x0000000000000000                _start
                0x0000000000000008                _dl_start_user
                0x0000000000000050                _dl_initial_error_catch_tsd
                0x0000000000006020                _dl_dst_count
                0x00000000000060d0                _dl_dst_substitute
                0x00000000000066a0                _dl_init_paths
                0x0000000000006ac0                _dl_map_object
                0x0000000000007410                _dl_rtld_di_serinfo
                0x0000000000007610                _dl_cache_libcmp
                0x00000000000076f0                _dl_load_cache_lookup
                0x0000000000007c40                _dl_unload_cache
                0x0000000000008750                _dl_lookup_symbol_x
                0x0000000000009790                _dl_setup_hash
                0x0000000000009840                _dl_add_to_namespace_list
                0x00000000000098d0                _dl_new_object
                0x0000000000009c10                _dl_try_allocate_static_tls
                0x0000000000009cf0                _dl_allocate_static_tls
                0x0000000000009d20                _dl_nothread_init_static_tls
                0x0000000000009db0                _dl_protect_relro
                0x0000000000009e10                _dl_reloc_bad_type
                0x0000000000009ef0                _dl_relocate_object
                0x000000000000af20                _dl_map_object_deps
                0x000000000000c120                _dl_fixup
                0x000000000000c330                _dl_profile_fixup
                0x000000000000c8f0                _dl_call_pltexit
                0x000000000000ca00                _dl_signal_error
                0x000000000000cb90                _dl_signal_cerror
                0x000000000000cc10                _dl_catch_error
                0x000000000000ccf0                _dl_receive_error
                0x000000000000ce60                _dl_init_internal
                0x000000000000ce60                _dl_init
                0x000000000000cf60                _dl_sort_fini
                0x000000000000d1b0                _dl_fini
                0x000000000000d5b0                _dl_debug_state
                0x000000000000d5b0                __GI__dl_debug_state
                0x000000000000d5c0                _dl_debug_initialize
                0x000000000000dc00                _dl_sysdep_read_whole_file
                0x000000000000dc90                _dl_debug_printf
                0x000000000000dd40                _dl_debug_printf_c
                0x000000000000ddf0                _dl_dprintf
                0x000000000000de90                _dl_name_match_p
                0x000000000000df00                _dl_higher_prime_number
                0x000000000000e330                _dl_check_map_versions
                0x000000000000e7c0                _dl_check_all_versions
                0x000000000000e830                _dl_start_profile
                0x000000000000f030                _dl_mcount_internal
                0x000000000000f030                _dl_mcount
                0x000000000000f260                _dl_resolve_conflicts
                0x000000000000f420                _dl_next_tls_modid
                0x000000000000f500                _dl_determine_tlsoffset
                0x000000000000f6c0                __GI__dl_tls_setup
                0x000000000000f6c0                _dl_tls_setup
                0x000000000000f770                _dl_get_tls_static_info
                0x000000000000f790                _dl_allocate_tls_storage
                0x000000000000f8d0                __GI__dl_allocate_tls_init
                0x000000000000f8d0                _dl_allocate_tls_init
                0x000000000000faf0                __GI__dl_allocate_tls
                0x000000000000faf0                _dl_allocate_tls
                0x000000000000fb30                _dl_deallocate_tls
                0x000000000000fb30                __GI__dl_deallocate_tls
                0x000000000000fbc0                _dl_update_slotinfo
                0x000000000000ff10                __tls_get_addr
                0x000000000000ff70                _dl_tls_get_addr_soft
                0x000000000000ffe0                _dl_add_to_slotinfo
                0x00000000000100c0                _dl_get_origin
                0x0000000000010250                _dl_scope_free
                0x0000000000010310                _dl_make_stack_executable
                0x0000000000010310                __GI__dl_make_stack_executable
                0x0000000000010430                _dl_check_caller
                0x0000000000010830                _dl_open
                0x0000000000010bb0                _dl_addr_inside_object
                0x0000000000011560                _dl_close_worker
                0x0000000000012450                _dl_close
                0x00000000000124d0                _dl_runtime_resolve
                0x0000000000012540                _dl_runtime_profile
                0x0000000000012aa0                _dl_x86_64_save_sse
                0x0000000000012b90                _dl_x86_64_restore_sse
                0x0000000000012c40                _dl_sysdep_start
                0x0000000000013060                _dl_sysdep_start_cleanup
                0x0000000000013070                _dl_show_auxv
                0x0000000000013220                _dl_important_hwcaps
                0x00000000000139b0                _dl_discover_osversion
                0x0000000000013b90                _dl_next_ld_env_entry
                0x0000000000013bd0                unsetenv
                0x0000000000013c50                __libc_memalign
                0x0000000000013d60                malloc
                0x0000000000013d70                calloc
                0x0000000000013db0                free
                0x0000000000013de0                __sigjmp_save
                0x0000000000013df0                __strerror_r
                0x0000000000013ed0                __GI___assert_fail
                0x0000000000013ed0                __assert_fail
                0x0000000000013f20                realloc
                0x0000000000013fb0                __GI___assert_perror_fail
                0x0000000000013fb0                __assert_perror_fail
                0x0000000000014020                __strtoul_internal
                0x0000000000014190                _itoa
                0x00000000000141e0                __strsep
                0x00000000000141e0                strsep
                0x00000000000141e0                __strsep_g
                0x0000000000014270                __GI___chk_fail
                0x0000000000014270                __chk_fail
                0x0000000000014280                __brk
                0x0000000000014280                brk
                0x00000000000142f0                sbrk
                0x00000000000142f0                __sbrk
                0x0000000000014380                __getcwd
                0x0000000000014380                getcwd
                0x00000000000149b0                openat64
                0x0000000000014a10                __alloc_dir
                0x0000000000014b00                __opendir
                0x0000000000014b00                opendir
                0x0000000000014b40                __fxstatat
                0x0000000000014b40                __fxstatat64
                0x0000000000014b40                __GI___fxstatat64
                0x0000000000014bc0                _dl_make_tlsdesc_dynamic
                0x0000000000014e90                _dl_tlsdesc_resolve_rela_fixup
                0x0000000000015070                _dl_tlsdesc_resolve_hold_fixup
                0x00000000000150b0                _dl_unmap
                0x0000000000015130                _dl_tlsdesc_return
                0x0000000000015140                _dl_tlsdesc_undefweak
                0x0000000000015150                _dl_tlsdesc_dynamic
                0x00000000000151f0                _dl_tlsdesc_resolve_rela
                0x0000000000015260                _dl_tlsdesc_resolve_hold
 *fill*         0x00000000000152d2        0xe 
 .text          0x00000000000152e0       0xe2 /users/leeymcj/dune/eglibc-2.14/eglibc-build/elf/rtld-libc.a(rtld-check_fds.os)
                0x0000000000015390                __libc_check_standard_fds
 *fill*         0x00000000000153c2        0x2 
 .text          0x00000000000153c4        0x0 /users/leeymcj/dune/eglibc-2.14/eglibc-build/elf/rtld-libc.a(rtld-errno.os)
 *fill*         0x00000000000153c4        0xc 
 .text          0x00000000000153d0       0x28 /users/leeymcj/dune/eglibc-2.14/eglibc-build/elf/rtld-libc.a(rtld-closedir.os)
                0x00000000000153d0                __closedir
                0x00000000000153d0                closedir
 *fill*         0x00000000000153f8        0x8 
 .text          0x0000000000015400       0x8a /users/leeymcj/dune/eglibc-2.14/eglibc-build/elf/rtld-libc.a(rtld-readdir.os)
                0x0000000000015400                readdir
                0x0000000000015400                __readdir64
                0x0000000000015400                __readdir
                0x0000000000015400                readdir64
 *fill*         0x000000000001548a        0x6 
 .text          0x0000000000015490       0x29 /users/leeymcj/dune/eglibc-2.14/eglibc-build/elf/rtld-libc.a(rtld-rewinddir.os)
                0x0000000000015490                rewinddir
 *fill*         0x00000000000154b9        0x7 
 .text          0x00000000000154c0      0x231 /users/leeymcj/dune/eglibc-2.14/eglibc-build/elf/rtld-libc.a(rtld-getdents.os)
                0x00000000000154c0                __getdents
                0x00000000000154c0                __getdents64
 *fill*         0x00000000000156f1        0xf 
 .text          0x0000000000015700       0x7f /users/leeymcj/dune/eglibc-2.14/eglibc-build/elf/rtld-libc.a(rtld-fdopendir.os)
                0x0000000000015700                fdopendir
                0x0000000000015700                __fdopendir
 *fill*         0x000000000001577f        0x1 
 .text          0x0000000000015780      0x110 /users/leeymcj/dune/eglibc-2.14/eglibc-build/elf/rtld-libc.a(rtld-profil.os)
                0x00000000000157d0                __profil
                0x00000000000157d0                profil
 .text          0x0000000000015890       0x7b /users/leeymcj/dune/eglibc-2.14/eglibc-build/elf/rtld-libc.a(rtld-prof-freq.os)
                0x0000000000015890                __profile_frequency
 *fill*         0x000000000001590b        0x5 
 .text          0x0000000000015910       0x55 /users/leeymcj/dune/eglibc-2.14/eglibc-build/elf/rtld-libc.a(rtld-xstat.os)
                0x0000000000015910                _xstat
                0x0000000000015910                __xstat64
                0x0000000000015910                __GI___xstat64
                0x0000000000015910                __GI___xstat
                0x0000000000015910                __xstat
 *fill*         0x0000000000015965        0xb 
 .text          0x0000000000015970       0x4d /users/leeymcj/dune/eglibc-2.14/eglibc-build/elf/rtld-libc.a(rtld-fxstat.os)
                0x0000000000015970                __GI___fxstat
                0x0000000000015970                __GI___fxstat64
                0x0000000000015970                __fxstat64
                0x0000000000015970                _fxstat
                0x0000000000015970                __fxstat
 *fill*         0x00000000000159bd        0x3 
 .text          0x00000000000159c0       0x55 /users/leeymcj/dune/eglibc-2.14/eglibc-build/elf/rtld-libc.a(rtld-lxstat.os)
                0x00000000000159c0                __GI___lxstat
                0x00000000000159c0                _lxstat
                0x00000000000159c0                __lxstat
                0x00000000000159c0                __lxstat64
                0x00000000000159c0                __GI___lxstat64
 *fill*         0x0000000000015a15        0xb 
 .text          0x0000000000015a20       0x36 /users/leeymcj/dune/eglibc-2.14/eglibc-build/elf/rtld-libc.a(rtld-open.os)
                0x0000000000015a20                __open
                0x0000000000015a20                __libc_open
                0x0000000000015a20                open64
                0x0000000000015a20                open
                0x0000000000015a20                __open64
 *fill*         0x0000000000015a56        0xa 
 .text          0x0000000000015a60       0x36 /users/leeymcj/dune/eglibc-2.14/eglibc-build/elf/rtld-libc.a(rtld-close.os)
                0x0000000000015a60                __libc_close
                0x0000000000015a60                __close
                0x0000000000015a60                close
 *fill*         0x0000000000015a96        0xa 
 .text          0x0000000000015aa0       0x36 /users/leeymcj/dune/eglibc-2.14/eglibc-build/elf/rtld-libc.a(rtld-read.os)
                0x0000000000015aa0                __read
                0x0000000000015aa0                __libc_read
                0x0000000000015aa0                read
 *fill*         0x0000000000015ad6        0xa 
 .text          0x0000000000015ae0       0x36 /users/leeymcj/dune/eglibc-2.14/eglibc-build/elf/rtld-libc.a(rtld-write.os)
                0x0000000000015ae0                __write
                0x0000000000015ae0                write
                0x0000000000015ae0                __libc_write
 *fill*         0x0000000000015b16        0xa 
 .text          0x0000000000015b20       0x36 /users/leeymcj/dune/eglibc-2.14/eglibc-build/elf/rtld-libc.a(rtld-access.os)
                0x0000000000015b20                access
                0x0000000000015b20                __access
 *fill*         0x0000000000015b56        0xa 
 .text          0x0000000000015b60      0x11e /users/leeymcj/dune/eglibc-2.14/eglibc-build/elf/rtld-libc.a(rtld-fcntl.os)
                0x0000000000015b60                __libc_fcntl
                0x0000000000015b60                __fcntl
                0x0000000000015b60                fcntl
 *fill*         0x0000000000015c7e        0x2 
 .text          0x0000000000015c80       0x13 /users/leeymcj/dune/eglibc-2.14/eglibc-build/elf/rtld-libc.a(rtld-getpagesize.os)
                0x0000000000015c80                getpagesize
                0x0000000000015c80                __getpagesize
 *fill*         0x0000000000015c93        0xd 
 .text          0x0000000000015ca0       0x39 /users/leeymcj/dune/eglibc-2.14/eglibc-build/elf/rtld-libc.a(rtld-mmap.os)
                0x0000000000015ca0                __mmap
                0x0000000000015ca0                mmap
                0x0000000000015ca0                __mmap64
                0x0000000000015ca0                mmap64
 *fill*         0x0000000000015cd9        0x7 
 .text          0x0000000000015ce0       0x36 /users/leeymcj/dune/eglibc-2.14/eglibc-build/elf/rtld-libc.a(rtld-munmap.os)
                0x0000000000015ce0                munmap
                0x0000000000015ce0                __munmap
 *fill*         0x0000000000015d16        0xa 
 .text          0x0000000000015d20       0x36 /users/leeymcj/dune/eglibc-2.14/eglibc-build/elf/rtld-libc.a(rtld-mprotect.os)
                0x0000000000015d20                __mprotect
                0x0000000000015d20                mprotect
 *fill*         0x0000000000015d56        0xa 
 .text          0x0000000000015d60       0x36 /users/leeymcj/dune/eglibc-2.14/eglibc-build/elf/rtld-libc.a(rtld-llseek.os)
                0x0000000000015d60                __llseek
                0x0000000000015d60                __lseek64
                0x0000000000015d60                lseek
                0x0000000000015d60                __libc_lseek64
                0x0000000000015d60                llseek
                0x0000000000015d60                __lseek
                0x0000000000015d60                __libc_lseek
                0x0000000000015d60                lseek64
 *fill*         0x0000000000015d96        0xa 
 .text          0x0000000000015da0       0x36 /users/leeymcj/dune/eglibc-2.14/eglibc-build/elf/rtld-libc.a(rtld-uname.os)
                0x0000000000015da0                uname
                0x0000000000015da0                __uname
 *fill*         0x0000000000015dd6        0xa 
 .text          0x0000000000015de0       0x75 /users/leeymcj/dune/eglibc-2.14/eglibc-build/elf/rtld-libc.a(rtld-_exit.os)
                0x0000000000015de0                _Exit
                0x0000000000015de0                _exit
 *fill*         0x0000000000015e55        0xb 
 .text          0x0000000000015e60       0x1a /users/leeymcj/dune/eglibc-2.14/eglibc-build/elf/rtld-libc.a(rtld-getpid.os)
                0x0000000000015e60                __getpid
                0x0000000000015e60                getpid
 *fill*         0x0000000000015e7a        0x6 
 .text          0x0000000000015e80       0x1a /users/leeymcj/dune/eglibc-2.14/eglibc-build/elf/rtld-libc.a(rtld-getuid.os)
                0x0000000000015e80                getuid
                0x0000000000015e80                __getuid
 *fill*         0x0000000000015e9a        0x6 
 .text          0x0000000000015ea0       0x1a /users/leeymcj/dune/eglibc-2.14/eglibc-build/elf/rtld-libc.a(rtld-geteuid.os)
                0x0000000000015ea0                geteuid
                0x0000000000015ea0                __geteuid
 *fill*         0x0000000000015eba        0x6 
 .text          0x0000000000015ec0       0x1a /users/leeymcj/dune/eglibc-2.14/eglibc-build/elf/rtld-libc.a(rtld-getgid.os)
                0x0000000000015ec0                getgid
                0x0000000000015ec0                __getgid
 *fill*         0x0000000000015eda        0x6 
 .text          0x0000000000015ee0       0x1a /users/leeymcj/dune/eglibc-2.14/eglibc-build/elf/rtld-libc.a(rtld-getegid.os)
                0x0000000000015ee0                getegid
                0x0000000000015ee0                __getegid
 *fill*         0x0000000000015efa        0x2 
 .text          0x0000000000015efc        0x0 /users/leeymcj/dune/eglibc-2.14/eglibc-build/elf/rtld-libc.a(rtld-environ.os)
 *fill*         0x0000000000015efc        0x4 
 .text          0x0000000000015f00       0x4f /users/leeymcj/dune/eglibc-2.14/eglibc-build/elf/rtld-libc.a(rtld-setjmp.os)
                0x0000000000015f00                __sigsetjmp
                0x0000000000015f00                __GI___sigsetjmp
 *fill*         0x0000000000015f4f        0x1 
 .text          0x0000000000015f50       0x4a /users/leeymcj/dune/eglibc-2.14/eglibc-build/elf/rtld-libc.a(rtld-__longjmp.os)
                0x0000000000015f50                __longjmp
 *fill*         0x0000000000015f9a        0x6 
 .text          0x0000000000015fa0      0x23b /users/leeymcj/dune/eglibc-2.14/eglibc-build/elf/rtld-libc.a(rtld-sigaction.os)
                0x0000000000015fc0                __libc_sigaction
                0x00000000000161c0                sigaction
                0x00000000000161c0                __sigaction
 *fill*         0x00000000000161db        0x5 
 .text          0x00000000000161e0       0x7c /users/leeymcj/dune/eglibc-2.14/eglibc-build/elf/rtld-libc.a(rtld-strchr.os)
                0x00000000000161e0                index
                0x00000000000161e0                strchr
 *fill*         0x000000000001625c        0x4 
 .text          0x0000000000016260       0x21 /users/leeymcj/dune/eglibc-2.14/eglibc-build/elf/rtld-libc.a(rtld-strcmp.os)
                0x0000000000016260                strcmp
 *fill*         0x0000000000016281        0xf 
 .text          0x0000000000016290       0xdc /users/leeymcj/dune/eglibc-2.14/eglibc-build/elf/rtld-libc.a(rtld-strcpy.os)
                0x0000000000016290                strcpy
 *fill*         0x000000000001636c        0x4 
 .text          0x0000000000016370       0xe9 /users/leeymcj/dune/eglibc-2.14/eglibc-build/elf/rtld-libc.a(rtld-strlen.os)
                0x0000000000016370                strlen
 *fill*         0x0000000000016459        0x7 
 .text          0x0000000000016460       0x6d /users/leeymcj/dune/eglibc-2.14/eglibc-build/elf/rtld-libc.a(rtld-strnlen.os)
                0x0000000000016460                __strnlen
                0x0000000000016460                strnlen
 *fill*         0x00000000000164cd        0x3 
 .text          0x00000000000164d0       0x75 /users/leeymcj/dune/eglibc-2.14/eglibc-build/elf/rtld-libc.a(rtld-memchr.os)
                0x00000000000164d0                memchr
                0x00000000000164d0                __memchr
 *fill*         0x0000000000016545        0xb 
 .text          0x0000000000016550      0x4e1 /users/leeymcj/dune/eglibc-2.14/eglibc-build/elf/rtld-libc.a(rtld-memcmp.os)
                0x0000000000016550                bcmp
                0x0000000000016550                memcmp
 *fill*         0x0000000000016a31        0xf 
 .text          0x0000000000016a40      0x19f /users/leeymcj/dune/eglibc-2.14/eglibc-build/elf/rtld-libc.a(rtld-memmove.os)
                0x0000000000016a40                memmove
 *fill*         0x0000000000016bdf        0x1 
 .text          0x0000000000016be0      0x550 /users/leeymcj/dune/eglibc-2.14/eglibc-build/elf/rtld-libc.a(rtld-memset.os)
                0x0000000000016be0                memset
 .text          0x0000000000017130      0x14d /users/leeymcj/dune/eglibc-2.14/eglibc-build/elf/rtld-libc.a(rtld-mempcpy.os)
                0x0000000000017130                mempcpy
                0x0000000000017130                __mempcpy
 *fill*         0x000000000001727d        0x3 
 .text          0x0000000000017280       0xdc /users/leeymcj/dune/eglibc-2.14/eglibc-build/elf/rtld-libc.a(rtld-stpcpy.os)
                0x0000000000017280                stpcpy
                0x0000000000017280                __stpcpy
 *fill*         0x000000000001735c        0x4 
 .text          0x0000000000017360      0x160 /users/leeymcj/dune/eglibc-2.14/eglibc-build/elf/rtld-libc.a(rtld-memcpy.os)
                0x0000000000017360                memcpy
 .text          0x00000000000174c0      0x556 /users/leeymcj/dune/eglibc-2.14/eglibc-build/elf/rtld-libc.a(rtld-wordcopy.os)
                0x00000000000174c0                _wordcopy_fwd_aligned
                0x0000000000017600                _wordcopy_fwd_dest_aligned
                0x0000000000017730                _wordcopy_bwd_aligned
                0x00000000000178c0                _wordcopy_bwd_dest_aligned
 *fill*         0x0000000000017a16        0xa 
 .text          0x0000000000017a20       0x4c /users/leeymcj/dune/eglibc-2.14/eglibc-build/elf/rtld-libc.a(rtld-rawmemchr.os)
                0x0000000000017a20                __rawmemchr
                0x0000000000017a20                rawmemchr
 *fill*         0x0000000000017a6c        0x4 
 .text          0x0000000000017a70      0x5e7 /users/leeymcj/dune/eglibc-2.14/eglibc-build/elf/rtld-libc.a(rtld-cacheinfo.os)
                0x0000000000018000                __cache_sysconf
 *fill*         0x0000000000018057        0x9 
 .text          0x0000000000018060       0x36 /users/leeymcj/dune/eglibc-2.14/eglibc-build/elf/rtld-libc.a(rtld-setitimer.os)
                0x0000000000018060                setitimer
                0x0000000000018060                __setitimer
 *fill*         0x0000000000018096        0xa 
 .text          0x00000000000180a0      0x1a7 /users/leeymcj/dune/eglibc-2.14/eglibc-build/elf/rtld-libc.a(rtld-init-arch.os)
                0x00000000000180a0                __init_cpu_features
                0x0000000000018230                __get_cpu_features
 *fill*         0x0000000000018247        0x9 
 .text          0x0000000000018250       0x8a /users/leeymcj/dune/eglibc-2.14/eglibc-build/elf/rtld-libc.a(rtld-bsearch.os)
                0x0000000000018250                bsearch
 *(.gnu.warning)

.text.unlikely  0x0000000000000000      0x64d
 .text.unlikely
                0x0000000000000000      0x64d /users/leeymcj/dune/eglibc-2.14/eglibc-build/elf/dl-allobjs.os

.text.startup   0x0000000000000000      0x25e
 .text.startup  0x0000000000000000      0x25e /users/leeymcj/dune/eglibc-2.14/eglibc-build/elf/rtld-libc.a(rtld-cacheinfo.os)

.fini
 *(SORT(.fini))

.rodata         0x0000000000000000      0xee0
 *(.rodata)
 .rodata        0x0000000000000000      0xa70 /users/leeymcj/dune/eglibc-2.14/eglibc-build/elf/dl-allobjs.os
                0x0000000000000a60                _itoa_lower_digits_internal
 .rodata        0x0000000000000a70      0x150 /users/leeymcj/dune/eglibc-2.14/eglibc-build/elf/rtld-libc.a(rtld-memset.os)
 .rodata        0x0000000000000bc0       0x40 /users/leeymcj/dune/eglibc-2.14/eglibc-build/elf/rtld-libc.a(rtld-wordcopy.os)
 .rodata        0x0000000000000c00      0x2e0 /users/leeymcj/dune/eglibc-2.14/eglibc-build/elf/rtld-libc.a(rtld-cacheinfo.os)

.rodata.str1.1  0x0000000000000000     0x1016
 .rodata.str1.1
                0x0000000000000000      0xfa3 /users/leeymcj/dune/eglibc-2.14/eglibc-build/elf/dl-allobjs.os
 .rodata.str1.1
                0x0000000000000fa3       0x14 /users/leeymcj/dune/eglibc-2.14/eglibc-build/elf/rtld-libc.a(rtld-check_fds.os)
 .rodata.str1.1
                0x0000000000000fb7       0x1d /users/leeymcj/dune/eglibc-2.14/eglibc-build/elf/rtld-libc.a(rtld-getdents.os)
 .rodata.str1.1
                0x0000000000000fd4       0x42 /users/leeymcj/dune/eglibc-2.14/eglibc-build/elf/rtld-libc.a(rtld-cacheinfo.os)

.rodata.str1.8  0x0000000000000000     0x24db
 .rodata.str1.8
                0x0000000000000000     0x2481 /users/leeymcj/dune/eglibc-2.14/eglibc-build/elf/dl-allobjs.os
 *fill*         0x0000000000002481        0x7 
 .rodata.str1.8
                0x0000000000002488       0x26 /users/leeymcj/dune/eglibc-2.14/eglibc-build/elf/rtld-libc.a(rtld-getdents.os)
 *fill*         0x00000000000024ae        0x2 
 .rodata.str1.8
                0x00000000000024b0       0x2b /users/leeymcj/dune/eglibc-2.14/eglibc-build/elf/rtld-libc.a(rtld-cacheinfo.os)

.rodata.str1.16
                0x0000000000000000      0x3e1
 .rodata.str1.16
                0x0000000000000000      0x3c3 /users/leeymcj/dune/eglibc-2.14/eglibc-build/elf/dl-allobjs.os
 *fill*         0x00000000000003c3        0xd 
 .rodata.str1.16
                0x00000000000003d0       0x11 /users/leeymcj/dune/eglibc-2.14/eglibc-build/elf/rtld-libc.a(rtld-cacheinfo.os)

.rodata.cst16   0x0000000000000000       0x20
 .rodata.cst16  0x0000000000000000       0x20 /users/leeymcj/dune/eglibc-2.14/eglibc-build/elf/dl-allobjs.os

.rodata.cst4    0x0000000000000000        0x4
 .rodata.cst4   0x0000000000000000        0x4 /users/leeymcj/dune/eglibc-2.14/eglibc-build/elf/dl-allobjs.os

.rodata.str1.32
                0x0000000000000000      0x121
 .rodata.str1.32
                0x0000000000000000      0x121 /users/leeymcj/dune/eglibc-2.14/eglibc-build/elf/dl-allobjs.os

.rodata1
 *(.rodata1)

.eh_frame_hdr
 *(.eh_frame_hdr)

.eh_frame       0x0000000000000000     0x2ba0
 *(.eh_frame)
 .eh_frame      0x0000000000000000     0x1de8 /users/leeymcj/dune/eglibc-2.14/eglibc-build/elf/dl-allobjs.os
 .eh_frame      0x0000000000001de8       0x68 /users/leeymcj/dune/eglibc-2.14/eglibc-build/elf/rtld-libc.a(rtld-check_fds.os)
 .eh_frame      0x0000000000001e50       0x38 /users/leeymcj/dune/eglibc-2.14/eglibc-build/elf/rtld-libc.a(rtld-closedir.os)
 .eh_frame      0x0000000000001e88       0x48 /users/leeymcj/dune/eglibc-2.14/eglibc-build/elf/rtld-libc.a(rtld-readdir.os)
 .eh_frame      0x0000000000001ed0       0x38 /users/leeymcj/dune/eglibc-2.14/eglibc-build/elf/rtld-libc.a(rtld-rewinddir.os)
 .eh_frame      0x0000000000001f08       0x58 /users/leeymcj/dune/eglibc-2.14/eglibc-build/elf/rtld-libc.a(rtld-getdents.os)
 .eh_frame      0x0000000000001f60       0x48 /users/leeymcj/dune/eglibc-2.14/eglibc-build/elf/rtld-libc.a(rtld-fdopendir.os)
 .eh_frame      0x0000000000001fa8       0x48 /users/leeymcj/dune/eglibc-2.14/eglibc-build/elf/rtld-libc.a(rtld-profil.os)
 .eh_frame      0x0000000000001ff0       0x50 /users/leeymcj/dune/eglibc-2.14/eglibc-build/elf/rtld-libc.a(rtld-prof-freq.os)
 .eh_frame      0x0000000000002040       0x30 /users/leeymcj/dune/eglibc-2.14/eglibc-build/elf/rtld-libc.a(rtld-xstat.os)
 .eh_frame      0x0000000000002070       0x30 /users/leeymcj/dune/eglibc-2.14/eglibc-build/elf/rtld-libc.a(rtld-fxstat.os)
 .eh_frame      0x00000000000020a0       0x30 /users/leeymcj/dune/eglibc-2.14/eglibc-build/elf/rtld-libc.a(rtld-lxstat.os)
 .eh_frame      0x00000000000020d0       0x30 /users/leeymcj/dune/eglibc-2.14/eglibc-build/elf/rtld-libc.a(rtld-open.os)
 .eh_frame      0x0000000000002100       0x30 /users/leeymcj/dune/eglibc-2.14/eglibc-build/elf/rtld-libc.a(rtld-close.os)
 .eh_frame      0x0000000000002130       0x30 /users/leeymcj/dune/eglibc-2.14/eglibc-build/elf/rtld-libc.a(rtld-read.os)
 .eh_frame      0x0000000000002160       0x30 /users/leeymcj/dune/eglibc-2.14/eglibc-build/elf/rtld-libc.a(rtld-write.os)
 .eh_frame      0x0000000000002190       0x30 /users/leeymcj/dune/eglibc-2.14/eglibc-build/elf/rtld-libc.a(rtld-access.os)
 .eh_frame      0x00000000000021c0       0x30 /users/leeymcj/dune/eglibc-2.14/eglibc-build/elf/rtld-libc.a(rtld-fcntl.os)
 .eh_frame      0x00000000000021f0       0x30 /users/leeymcj/dune/eglibc-2.14/eglibc-build/elf/rtld-libc.a(rtld-getpagesize.os)
 .eh_frame      0x0000000000002220       0x30 /users/leeymcj/dune/eglibc-2.14/eglibc-build/elf/rtld-libc.a(rtld-mmap.os)
 .eh_frame      0x0000000000002250       0x30 /users/leeymcj/dune/eglibc-2.14/eglibc-build/elf/rtld-libc.a(rtld-munmap.os)
 .eh_frame      0x0000000000002280       0x30 /users/leeymcj/dune/eglibc-2.14/eglibc-build/elf/rtld-libc.a(rtld-mprotect.os)
 .eh_frame      0x00000000000022b0       0x30 /users/leeymcj/dune/eglibc-2.14/eglibc-build/elf/rtld-libc.a(rtld-llseek.os)
 .eh_frame      0x00000000000022e0       0x30 /users/leeymcj/dune/eglibc-2.14/eglibc-build/elf/rtld-libc.a(rtld-uname.os)
 .eh_frame      0x0000000000002310       0x30 /users/leeymcj/dune/eglibc-2.14/eglibc-build/elf/rtld-libc.a(rtld-_exit.os)
 .eh_frame      0x0000000000002340       0x30 /users/leeymcj/dune/eglibc-2.14/eglibc-build/elf/rtld-libc.a(rtld-getpid.os)
 .eh_frame      0x0000000000002370       0x30 /users/leeymcj/dune/eglibc-2.14/eglibc-build/elf/rtld-libc.a(rtld-getuid.os)
 .eh_frame      0x00000000000023a0       0x30 /users/leeymcj/dune/eglibc-2.14/eglibc-build/elf/rtld-libc.a(rtld-geteuid.os)
 .eh_frame      0x00000000000023d0       0x30 /users/leeymcj/dune/eglibc-2.14/eglibc-build/elf/rtld-libc.a(rtld-getgid.os)
 .eh_frame      0x0000000000002400       0x30 /users/leeymcj/dune/eglibc-2.14/eglibc-build/elf/rtld-libc.a(rtld-getegid.os)
 .eh_frame      0x0000000000002430       0x30 /users/leeymcj/dune/eglibc-2.14/eglibc-build/elf/rtld-libc.a(rtld-setjmp.os)
 .eh_frame      0x0000000000002460       0x48 /users/leeymcj/dune/eglibc-2.14/eglibc-build/elf/rtld-libc.a(rtld-__longjmp.os)
 .eh_frame      0x00000000000024a8       0xe8 /users/leeymcj/dune/eglibc-2.14/eglibc-build/elf/rtld-libc.a(rtld-sigaction.os)
 .eh_frame      0x0000000000002590       0x30 /users/leeymcj/dune/eglibc-2.14/eglibc-build/elf/rtld-libc.a(rtld-strchr.os)
 .eh_frame      0x00000000000025c0       0x30 /users/leeymcj/dune/eglibc-2.14/eglibc-build/elf/rtld-libc.a(rtld-strcmp.os)
 .eh_frame      0x00000000000025f0       0x30 /users/leeymcj/dune/eglibc-2.14/eglibc-build/elf/rtld-libc.a(rtld-strcpy.os)
 .eh_frame      0x0000000000002620       0x30 /users/leeymcj/dune/eglibc-2.14/eglibc-build/elf/rtld-libc.a(rtld-strlen.os)
 .eh_frame      0x0000000000002650       0x30 /users/leeymcj/dune/eglibc-2.14/eglibc-build/elf/rtld-libc.a(rtld-strnlen.os)
 .eh_frame      0x0000000000002680       0x30 /users/leeymcj/dune/eglibc-2.14/eglibc-build/elf/rtld-libc.a(rtld-memchr.os)
 .eh_frame      0x00000000000026b0       0x68 /users/leeymcj/dune/eglibc-2.14/eglibc-build/elf/rtld-libc.a(rtld-memcmp.os)
 .eh_frame      0x0000000000002718       0x60 /users/leeymcj/dune/eglibc-2.14/eglibc-build/elf/rtld-libc.a(rtld-memmove.os)
 .eh_frame      0x0000000000002778       0x30 /users/leeymcj/dune/eglibc-2.14/eglibc-build/elf/rtld-libc.a(rtld-memset.os)
 .eh_frame      0x00000000000027a8       0x30 /users/leeymcj/dune/eglibc-2.14/eglibc-build/elf/rtld-libc.a(rtld-mempcpy.os)
 .eh_frame      0x00000000000027d8       0x30 /users/leeymcj/dune/eglibc-2.14/eglibc-build/elf/rtld-libc.a(rtld-stpcpy.os)
 .eh_frame      0x0000000000002808       0x30 /users/leeymcj/dune/eglibc-2.14/eglibc-build/elf/rtld-libc.a(rtld-memcpy.os)
 .eh_frame      0x0000000000002838       0xa0 /users/leeymcj/dune/eglibc-2.14/eglibc-build/elf/rtld-libc.a(rtld-wordcopy.os)
 .eh_frame      0x00000000000028d8       0x30 /users/leeymcj/dune/eglibc-2.14/eglibc-build/elf/rtld-libc.a(rtld-rawmemchr.os)
 .eh_frame      0x0000000000002908      0x1a0 /users/leeymcj/dune/eglibc-2.14/eglibc-build/elf/rtld-libc.a(rtld-cacheinfo.os)
 .eh_frame      0x0000000000002aa8       0x30 /users/leeymcj/dune/eglibc-2.14/eglibc-build/elf/rtld-libc.a(rtld-setitimer.os)
 .eh_frame      0x0000000000002ad8       0x50 /users/leeymcj/dune/eglibc-2.14/eglibc-build/elf/rtld-libc.a(rtld-init-arch.os)
 .eh_frame      0x0000000000002b28       0x78 /users/leeymcj/dune/eglibc-2.14/eglibc-build/elf/rtld-libc.a(rtld-bsearch.os)

.gcc_except_table
 *(.gcc_except_table .gcc_except_table.*)

.exception_ranges
 *(.exception_ranges .exception_ranges*)

.eh_frame
 *(.eh_frame)

.gcc_except_table
 *(.gcc_except_table .gcc_except_table.*)

.exception_ranges
 *(.exception_ranges .exception_ranges*)

.tdata
 *(.tdata)

.tbss
 *(.tbss)

.preinit_array
 *(.preinit_array)

.jcr
 *(.jcr)

.dynamic
 *(.dynamic)

.got
 *(.got)
 *(.igot)

.got.plt
 *(.got.plt)
 *(.igot.plt)

.data           0x0000000000000000      0xfc8
 *(.data)
 .data          0x0000000000000000      0xf84 /users/leeymcj/dune/eglibc-2.14/eglibc-build/elf/dl-allobjs.os
                0x0000000000000000                _rtld_global
                0x0000000000000000                _rtld_local
 .data          0x0000000000000f84        0x0 /users/leeymcj/dune/eglibc-2.14/eglibc-build/elf/rtld-libc.a(rtld-check_fds.os)
 .data          0x0000000000000f84        0x0 /users/leeymcj/dune/eglibc-2.14/eglibc-build/elf/rtld-libc.a(rtld-errno.os)
 .data          0x0000000000000f84        0x0 /users/leeymcj/dune/eglibc-2.14/eglibc-build/elf/rtld-libc.a(rtld-closedir.os)
 .data          0x0000000000000f84        0x0 /users/leeymcj/dune/eglibc-2.14/eglibc-build/elf/rtld-libc.a(rtld-readdir.os)
 .data          0x0000000000000f84        0x0 /users/leeymcj/dune/eglibc-2.14/eglibc-build/elf/rtld-libc.a(rtld-rewinddir.os)
 .data          0x0000000000000f84        0x0 /users/leeymcj/dune/eglibc-2.14/eglibc-build/elf/rtld-libc.a(rtld-getdents.os)
 .data          0x0000000000000f84        0x0 /users/leeymcj/dune/eglibc-2.14/eglibc-build/elf/rtld-libc.a(rtld-fdopendir.os)
 .data          0x0000000000000f84        0x0 /users/leeymcj/dune/eglibc-2.14/eglibc-build/elf/rtld-libc.a(rtld-profil.os)
 .data          0x0000000000000f84        0x0 /users/leeymcj/dune/eglibc-2.14/eglibc-build/elf/rtld-libc.a(rtld-prof-freq.os)
 .data          0x0000000000000f84        0x0 /users/leeymcj/dune/eglibc-2.14/eglibc-build/elf/rtld-libc.a(rtld-xstat.os)
 .data          0x0000000000000f84        0x0 /users/leeymcj/dune/eglibc-2.14/eglibc-build/elf/rtld-libc.a(rtld-fxstat.os)
 .data          0x0000000000000f84        0x0 /users/leeymcj/dune/eglibc-2.14/eglibc-build/elf/rtld-libc.a(rtld-lxstat.os)
 .data          0x0000000000000f84        0x0 /users/leeymcj/dune/eglibc-2.14/eglibc-build/elf/rtld-libc.a(rtld-open.os)
 .data          0x0000000000000f84        0x0 /users/leeymcj/dune/eglibc-2.14/eglibc-build/elf/rtld-libc.a(rtld-close.os)
 .data          0x0000000000000f84        0x0 /users/leeymcj/dune/eglibc-2.14/eglibc-build/elf/rtld-libc.a(rtld-read.os)
 .data          0x0000000000000f84        0x0 /users/leeymcj/dune/eglibc-2.14/eglibc-build/elf/rtld-libc.a(rtld-write.os)
 .data          0x0000000000000f84        0x0 /users/leeymcj/dune/eglibc-2.14/eglibc-build/elf/rtld-libc.a(rtld-access.os)
 .data          0x0000000000000f84        0x0 /users/leeymcj/dune/eglibc-2.14/eglibc-build/elf/rtld-libc.a(rtld-fcntl.os)
 .data          0x0000000000000f84        0x0 /users/leeymcj/dune/eglibc-2.14/eglibc-build/elf/rtld-libc.a(rtld-getpagesize.os)
 .data          0x0000000000000f84        0x0 /users/leeymcj/dune/eglibc-2.14/eglibc-build/elf/rtld-libc.a(rtld-mmap.os)
 .data          0x0000000000000f84        0x0 /users/leeymcj/dune/eglibc-2.14/eglibc-build/elf/rtld-libc.a(rtld-munmap.os)
 .data          0x0000000000000f84        0x0 /users/leeymcj/dune/eglibc-2.14/eglibc-build/elf/rtld-libc.a(rtld-mprotect.os)
 .data          0x0000000000000f84        0x0 /users/leeymcj/dune/eglibc-2.14/eglibc-build/elf/rtld-libc.a(rtld-llseek.os)
 .data          0x0000000000000f84        0x0 /users/leeymcj/dune/eglibc-2.14/eglibc-build/elf/rtld-libc.a(rtld-uname.os)
 .data          0x0000000000000f84        0x0 /users/leeymcj/dune/eglibc-2.14/eglibc-build/elf/rtld-libc.a(rtld-_exit.os)
 .data          0x0000000000000f84        0x0 /users/leeymcj/dune/eglibc-2.14/eglibc-build/elf/rtld-libc.a(rtld-getpid.os)
 .data          0x0000000000000f84        0x0 /users/leeymcj/dune/eglibc-2.14/eglibc-build/elf/rtld-libc.a(rtld-getuid.os)
 .data          0x0000000000000f84        0x0 /users/leeymcj/dune/eglibc-2.14/eglibc-build/elf/rtld-libc.a(rtld-geteuid.os)
 .data          0x0000000000000f84        0x0 /users/leeymcj/dune/eglibc-2.14/eglibc-build/elf/rtld-libc.a(rtld-getgid.os)
 .data          0x0000000000000f84        0x0 /users/leeymcj/dune/eglibc-2.14/eglibc-build/elf/rtld-libc.a(rtld-getegid.os)
 .data          0x0000000000000f84        0x0 /users/leeymcj/dune/eglibc-2.14/eglibc-build/elf/rtld-libc.a(rtld-environ.os)
 .data          0x0000000000000f84        0x0 /users/leeymcj/dune/eglibc-2.14/eglibc-build/elf/rtld-libc.a(rtld-setjmp.os)
 .data          0x0000000000000f84        0x0 /users/leeymcj/dune/eglibc-2.14/eglibc-build/elf/rtld-libc.a(rtld-__longjmp.os)
 .data          0x0000000000000f84        0x0 /users/leeymcj/dune/eglibc-2.14/eglibc-build/elf/rtld-libc.a(rtld-sigaction.os)
 .data          0x0000000000000f84        0x0 /users/leeymcj/dune/eglibc-2.14/eglibc-build/elf/rtld-libc.a(rtld-strchr.os)
 .data          0x0000000000000f84        0x0 /users/leeymcj/dune/eglibc-2.14/eglibc-build/elf/rtld-libc.a(rtld-strcmp.os)
 .data          0x0000000000000f84        0x0 /users/leeymcj/dune/eglibc-2.14/eglibc-build/elf/rtld-libc.a(rtld-strcpy.os)
 .data          0x0000000000000f84        0x0 /users/leeymcj/dune/eglibc-2.14/eglibc-build/elf/rtld-libc.a(rtld-strlen.os)
 .data          0x0000000000000f84        0x0 /users/leeymcj/dune/eglibc-2.14/eglibc-build/elf/rtld-libc.a(rtld-strnlen.os)
 .data          0x0000000000000f84        0x0 /users/leeymcj/dune/eglibc-2.14/eglibc-build/elf/rtld-libc.a(rtld-memchr.os)
 .data          0x0000000000000f84        0x0 /users/leeymcj/dune/eglibc-2.14/eglibc-build/elf/rtld-libc.a(rtld-memcmp.os)
 .data          0x0000000000000f84        0x0 /users/leeymcj/dune/eglibc-2.14/eglibc-build/elf/rtld-libc.a(rtld-memmove.os)
 .data          0x0000000000000f84        0x0 /users/leeymcj/dune/eglibc-2.14/eglibc-build/elf/rtld-libc.a(rtld-memset.os)
 .data          0x0000000000000f84        0x0 /users/leeymcj/dune/eglibc-2.14/eglibc-build/elf/rtld-libc.a(rtld-mempcpy.os)
 .data          0x0000000000000f84        0x0 /users/leeymcj/dune/eglibc-2.14/eglibc-build/elf/rtld-libc.a(rtld-stpcpy.os)
 .data          0x0000000000000f84        0x0 /users/leeymcj/dune/eglibc-2.14/eglibc-build/elf/rtld-libc.a(rtld-memcpy.os)
 .data          0x0000000000000f84        0x0 /users/leeymcj/dune/eglibc-2.14/eglibc-build/elf/rtld-libc.a(rtld-wordcopy.os)
 .data          0x0000000000000f84        0x0 /users/leeymcj/dune/eglibc-2.14/eglibc-build/elf/rtld-libc.a(rtld-rawmemchr.os)
 *fill*         0x0000000000000f84        0x4 
 .data          0x0000000000000f88       0x40 /users/leeymcj/dune/eglibc-2.14/eglibc-build/elf/rtld-libc.a(rtld-cacheinfo.os)
                0x0000000000000f88                __x86_64_raw_shared_cache_size
                0x0000000000000f90                __x86_64_raw_shared_cache_size_half
                0x0000000000000f98                __x86_64_shared_cache_size
                0x0000000000000fa0                __x86_64_shared_cache_size_half
                0x0000000000000fa8                __x86_64_raw_data_cache_size
                0x0000000000000fb0                __x86_64_raw_data_cache_size_half
                0x0000000000000fb8                __x86_64_data_cache_size
                0x0000000000000fc0                __x86_64_data_cache_size_half
 .data          0x0000000000000fc8        0x0 /users/leeymcj/dune/eglibc-2.14/eglibc-build/elf/rtld-libc.a(rtld-setitimer.os)
 .data          0x0000000000000fc8        0x0 /users/leeymcj/dune/eglibc-2.14/eglibc-build/elf/rtld-libc.a(rtld-init-arch.os)
 .data          0x0000000000000fc8        0x0 /users/leeymcj/dune/eglibc-2.14/eglibc-build/elf/rtld-libc.a(rtld-bsearch.os)

.data.rel.ro    0x0000000000000000      0x284
 .data.rel.ro   0x0000000000000000      0x284 /users/leeymcj/dune/eglibc-2.14/eglibc-build/elf/dl-allobjs.os
                0x00000000000000e0                _rtld_global_ro
                0x00000000000000e0                _rtld_local_ro
                0x00000000000001f8                __pointer_chk_guard_local
                0x0000000000000200                _dl_skip_args
                0x0000000000000208                _dl_argv_internal
                0x0000000000000208                _dl_argv
                0x0000000000000210                _dl_argc
                0x0000000000000260                __stack_prot
                0x0000000000000268                _dl_random
                0x0000000000000278                __libc_stack_end
                0x0000000000000278                __GI___libc_stack_end
                0x0000000000000280                __libc_enable_secure_internal
                0x0000000000000280                __libc_enable_secure

.init_array     0x0000000000000000        0x8
 .init_array    0x0000000000000000        0x8 /users/leeymcj/dune/eglibc-2.14/eglibc-build/elf/rtld-libc.a(rtld-cacheinfo.os)

.data1
 *(.data1)

.sharable_data
 *(.sharable_data)

.bss            0x0000000000000000      0x158
 *(.dynbss)
 *(.bss)
 .bss           0x0000000000000000      0x124 /users/leeymcj/dune/eglibc-2.14/eglibc-build/elf/dl-allobjs.os
                0x00000000000000f8                __libc_multiple_libcs
                0x0000000000000118                __curbrk
 .bss           0x0000000000000124        0x0 /users/leeymcj/dune/eglibc-2.14/eglibc-build/elf/rtld-libc.a(rtld-check_fds.os)
 .bss           0x0000000000000124        0x0 /users/leeymcj/dune/eglibc-2.14/eglibc-build/elf/rtld-libc.a(rtld-errno.os)
 .bss           0x0000000000000124        0x0 /users/leeymcj/dune/eglibc-2.14/eglibc-build/elf/rtld-libc.a(rtld-closedir.os)
 .bss           0x0000000000000124        0x0 /users/leeymcj/dune/eglibc-2.14/eglibc-build/elf/rtld-libc.a(rtld-readdir.os)
 .bss           0x0000000000000124        0x0 /users/leeymcj/dune/eglibc-2.14/eglibc-build/elf/rtld-libc.a(rtld-rewinddir.os)
 .bss           0x0000000000000124        0x0 /users/leeymcj/dune/eglibc-2.14/eglibc-build/elf/rtld-libc.a(rtld-getdents.os)
 .bss           0x0000000000000124        0x0 /users/leeymcj/dune/eglibc-2.14/eglibc-build/elf/rtld-libc.a(rtld-fdopendir.os)
 *fill*         0x0000000000000124        0x4 
 .bss           0x0000000000000128       0x20 /users/leeymcj/dune/eglibc-2.14/eglibc-build/elf/rtld-libc.a(rtld-profil.os)
 .bss           0x0000000000000148        0x0 /users/leeymcj/dune/eglibc-2.14/eglibc-build/elf/rtld-libc.a(rtld-prof-freq.os)
 .bss           0x0000000000000148        0x0 /users/leeymcj/dune/eglibc-2.14/eglibc-build/elf/rtld-libc.a(rtld-xstat.os)
 .bss           0x0000000000000148        0x0 /users/leeymcj/dune/eglibc-2.14/eglibc-build/elf/rtld-libc.a(rtld-fxstat.os)
 .bss           0x0000000000000148        0x0 /users/leeymcj/dune/eglibc-2.14/eglibc-build/elf/rtld-libc.a(rtld-lxstat.os)
 .bss           0x0000000000000148        0x0 /users/leeymcj/dune/eglibc-2.14/eglibc-build/elf/rtld-libc.a(rtld-open.os)
 .bss           0x0000000000000148        0x0 /users/leeymcj/dune/eglibc-2.14/eglibc-build/elf/rtld-libc.a(rtld-close.os)
 .bss           0x0000000000000148        0x0 /users/leeymcj/dune/eglibc-2.14/eglibc-build/elf/rtld-libc.a(rtld-read.os)
 .bss           0x0000000000000148        0x0 /users/leeymcj/dune/eglibc-2.14/eglibc-build/elf/rtld-libc.a(rtld-write.os)
 .bss           0x0000000000000148        0x0 /users/leeymcj/dune/eglibc-2.14/eglibc-build/elf/rtld-libc.a(rtld-access.os)
 .bss           0x0000000000000148        0x4 /users/leeymcj/dune/eglibc-2.14/eglibc-build/elf/rtld-libc.a(rtld-fcntl.os)
 .bss           0x000000000000014c        0x0 /users/leeymcj/dune/eglibc-2.14/eglibc-build/elf/rtld-libc.a(rtld-getpagesize.os)
 .bss           0x000000000000014c        0x0 /users/leeymcj/dune/eglibc-2.14/eglibc-build/elf/rtld-libc.a(rtld-mmap.os)
 .bss           0x000000000000014c        0x0 /users/leeymcj/dune/eglibc-2.14/eglibc-build/elf/rtld-libc.a(rtld-munmap.os)
 .bss           0x000000000000014c        0x0 /users/leeymcj/dune/eglibc-2.14/eglibc-build/elf/rtld-libc.a(rtld-mprotect.os)
 .bss           0x000000000000014c        0x0 /users/leeymcj/dune/eglibc-2.14/eglibc-build/elf/rtld-libc.a(rtld-llseek.os)
 .bss           0x000000000000014c        0x0 /users/leeymcj/dune/eglibc-2.14/eglibc-build/elf/rtld-libc.a(rtld-uname.os)
 .bss           0x000000000000014c        0x0 /users/leeymcj/dune/eglibc-2.14/eglibc-build/elf/rtld-libc.a(rtld-_exit.os)
 .bss           0x000000000000014c        0x0 /users/leeymcj/dune/eglibc-2.14/eglibc-build/elf/rtld-libc.a(rtld-getpid.os)
 .bss           0x000000000000014c        0x0 /users/leeymcj/dune/eglibc-2.14/eglibc-build/elf/rtld-libc.a(rtld-getuid.os)
 .bss           0x000000000000014c        0x0 /users/leeymcj/dune/eglibc-2.14/eglibc-build/elf/rtld-libc.a(rtld-geteuid.os)
 .bss           0x000000000000014c        0x0 /users/leeymcj/dune/eglibc-2.14/eglibc-build/elf/rtld-libc.a(rtld-getgid.os)
 .bss           0x000000000000014c        0x0 /users/leeymcj/dune/eglibc-2.14/eglibc-build/elf/rtld-libc.a(rtld-getegid.os)
 *fill*         0x000000000000014c        0x4 
 .bss           0x0000000000000150        0x8 /users/leeymcj/dune/eglibc-2.14/eglibc-build/elf/rtld-libc.a(rtld-environ.os)
                0x0000000000000150                _environ
                0x0000000000000150                __environ
                0x0000000000000150                environ
 .bss           0x0000000000000158        0x0 /users/leeymcj/dune/eglibc-2.14/eglibc-build/elf/rtld-libc.a(rtld-setjmp.os)
 .bss           0x0000000000000158        0x0 /users/leeymcj/dune/eglibc-2.14/eglibc-build/elf/rtld-libc.a(rtld-__longjmp.os)
 .bss           0x0000000000000158        0x0 /users/leeymcj/dune/eglibc-2.14/eglibc-build/elf/rtld-libc.a(rtld-sigaction.os)
 .bss           0x0000000000000158        0x0 /users/leeymcj/dune/eglibc-2.14/eglibc-build/elf/rtld-libc.a(rtld-strchr.os)
 .bss           0x0000000000000158        0x0 /users/leeymcj/dune/eglibc-2.14/eglibc-build/elf/rtld-libc.a(rtld-strcmp.os)
 .bss           0x0000000000000158        0x0 /users/leeymcj/dune/eglibc-2.14/eglibc-build/elf/rtld-libc.a(rtld-strcpy.os)
 .bss           0x0000000000000158        0x0 /users/leeymcj/dune/eglibc-2.14/eglibc-build/elf/rtld-libc.a(rtld-strlen.os)
 .bss           0x0000000000000158        0x0 /users/leeymcj/dune/eglibc-2.14/eglibc-build/elf/rtld-libc.a(rtld-strnlen.os)
 .bss           0x0000000000000158        0x0 /users/leeymcj/dune/eglibc-2.14/eglibc-build/elf/rtld-libc.a(rtld-memchr.os)
 .bss           0x0000000000000158        0x0 /users/leeymcj/dune/eglibc-2.14/eglibc-build/elf/rtld-libc.a(rtld-memcmp.os)
 .bss           0x0000000000000158        0x0 /users/leeymcj/dune/eglibc-2.14/eglibc-build/elf/rtld-libc.a(rtld-memmove.os)
 .bss           0x0000000000000158        0x0 /users/leeymcj/dune/eglibc-2.14/eglibc-build/elf/rtld-libc.a(rtld-memset.os)
 .bss           0x0000000000000158        0x0 /users/leeymcj/dune/eglibc-2.14/eglibc-build/elf/rtld-libc.a(rtld-mempcpy.os)
 .bss           0x0000000000000158        0x0 /users/leeymcj/dune/eglibc-2.14/eglibc-build/elf/rtld-libc.a(rtld-stpcpy.os)
 .bss           0x0000000000000158        0x0 /users/leeymcj/dune/eglibc-2.14/eglibc-build/elf/rtld-libc.a(rtld-memcpy.os)
 .bss           0x0000000000000158        0x0 /users/leeymcj/dune/eglibc-2.14/eglibc-build/elf/rtld-libc.a(rtld-wordcopy.os)
 .bss           0x0000000000000158        0x0 /users/leeymcj/dune/eglibc-2.14/eglibc-build/elf/rtld-libc.a(rtld-rawmemchr.os)
 .bss           0x0000000000000158        0x0 /users/leeymcj/dune/eglibc-2.14/eglibc-build/elf/rtld-libc.a(rtld-cacheinfo.os)
 .bss           0x0000000000000158        0x0 /users/leeymcj/dune/eglibc-2.14/eglibc-build/elf/rtld-libc.a(rtld-setitimer.os)
 .bss           0x0000000000000158        0x0 /users/leeymcj/dune/eglibc-2.14/eglibc-build/elf/rtld-libc.a(rtld-init-arch.os)
 .bss           0x0000000000000158        0x0 /users/leeymcj/dune/eglibc-2.14/eglibc-build/elf/rtld-libc.a(rtld-bsearch.os)
 *(COMMON)
 COMMON         0x0000000000000158        0x0 /users/leeymcj/dune/eglibc-2.14/eglibc-build/elf/dl-allobjs.os
 COMMON         0x0000000000000158        0x0 /users/leeymcj/dune/eglibc-2.14/eglibc-build/elf/rtld-libc.a(rtld-errno.os)
 COMMON         0x0000000000000158        0x0 /users/leeymcj/dune/eglibc-2.14/eglibc-build/elf/rtld-libc.a(rtld-getdents.os)
 COMMON         0x0000000000000158        0x0 /users/leeymcj/dune/eglibc-2.14/eglibc-build/elf/rtld-libc.a(rtld-cacheinfo.os)
 COMMON         0x0000000000000158        0x0 /users/leeymcj/dune/eglibc-2.14/eglibc-build/elf/rtld-libc.a(rtld-init-arch.os)

.sharable_bss
 *(.dynsharablebss)
 *(.sharable_bss)
 *(SHARABLE_COMMON)

.lbss
 *(.dynlbss)
 *(.lbss)
 *(LARGE_COMMON)

.lrodata
 *(.lrodata)

.ldata
 *(.ldata)

.stab
 *(.stab)

.stabstr
 *(.stabstr)

.stab.excl
 *(.stab.excl)

.stab.exclstr
 *(.stab.exclstr)

.stab.index
 *(.stab.index)

.stab.indexstr
 *(.stab.indexstr)

.comment        0x0000000000000000      0xa05
 *(.comment)
 .comment       0x0000000000000000      0x5cd /users/leeymcj/dune/eglibc-2.14/eglibc-build/elf/dl-allobjs.os
 .comment       0x00000000000005cd       0x2d /users/leeymcj/dune/eglibc-2.14/eglibc-build/elf/rtld-libc.a(rtld-check_fds.os)
 .comment       0x00000000000005fa       0x2d /users/leeymcj/dune/eglibc-2.14/eglibc-build/elf/rtld-libc.a(rtld-errno.os)
 .comment       0x0000000000000627       0x2d /users/leeymcj/dune/eglibc-2.14/eglibc-build/elf/rtld-libc.a(rtld-closedir.os)
 .comment       0x0000000000000654       0x2d /users/leeymcj/dune/eglibc-2.14/eglibc-build/elf/rtld-libc.a(rtld-readdir.os)
 .comment       0x0000000000000681       0x2d /users/leeymcj/dune/eglibc-2.14/eglibc-build/elf/rtld-libc.a(rtld-rewinddir.os)
 .comment       0x00000000000006ae       0x2d /users/leeymcj/dune/eglibc-2.14/eglibc-build/elf/rtld-libc.a(rtld-getdents.os)
 .comment       0x00000000000006db       0x2d /users/leeymcj/dune/eglibc-2.14/eglibc-build/elf/rtld-libc.a(rtld-fdopendir.os)
 .comment       0x0000000000000708       0x2d /users/leeymcj/dune/eglibc-2.14/eglibc-build/elf/rtld-libc.a(rtld-profil.os)
 .comment       0x0000000000000735       0x2d /users/leeymcj/dune/eglibc-2.14/eglibc-build/elf/rtld-libc.a(rtld-prof-freq.os)
 .comment       0x0000000000000762       0x2d /users/leeymcj/dune/eglibc-2.14/eglibc-build/elf/rtld-libc.a(rtld-xstat.os)
 .comment       0x000000000000078f       0x2d /users/leeymcj/dune/eglibc-2.14/eglibc-build/elf/rtld-libc.a(rtld-fxstat.os)
 .comment       0x00000000000007bc       0x2d /users/leeymcj/dune/eglibc-2.14/eglibc-build/elf/rtld-libc.a(rtld-lxstat.os)
 .comment       0x00000000000007e9       0x2d /users/leeymcj/dune/eglibc-2.14/eglibc-build/elf/rtld-libc.a(rtld-fcntl.os)
 .comment       0x0000000000000816       0x2d /users/leeymcj/dune/eglibc-2.14/eglibc-build/elf/rtld-libc.a(rtld-getpagesize.os)
 .comment       0x0000000000000843       0x2d /users/leeymcj/dune/eglibc-2.14/eglibc-build/elf/rtld-libc.a(rtld-_exit.os)
 .comment       0x0000000000000870       0x2d /users/leeymcj/dune/eglibc-2.14/eglibc-build/elf/rtld-libc.a(rtld-getpid.os)
 .comment       0x000000000000089d       0x2d /users/leeymcj/dune/eglibc-2.14/eglibc-build/elf/rtld-libc.a(rtld-environ.os)
 .comment       0x00000000000008ca       0x2d /users/leeymcj/dune/eglibc-2.14/eglibc-build/elf/rtld-libc.a(rtld-sigaction.os)
 .comment       0x00000000000008f7       0x2d /users/leeymcj/dune/eglibc-2.14/eglibc-build/elf/rtld-libc.a(rtld-memcmp.os)
 .comment       0x0000000000000924       0x2d /users/leeymcj/dune/eglibc-2.14/eglibc-build/elf/rtld-libc.a(rtld-memmove.os)
 .comment       0x0000000000000951       0x2d /users/leeymcj/dune/eglibc-2.14/eglibc-build/elf/rtld-libc.a(rtld-wordcopy.os)
 .comment       0x000000000000097e       0x2d /users/leeymcj/dune/eglibc-2.14/eglibc-build/elf/rtld-libc.a(rtld-cacheinfo.os)
 .comment       0x00000000000009ab       0x2d /users/leeymcj/dune/eglibc-2.14/eglibc-build/elf/rtld-libc.a(rtld-init-arch.os)
 .comment       0x00000000000009d8       0x2d /users/leeymcj/dune/eglibc-2.14/eglibc-build/elf/rtld-libc.a(rtld-bsearch.os)

.note.GNU-stack
                0x0000000000000000        0x0
 .note.GNU-stack
                0x0000000000000000        0x0 /users/leeymcj/dune/eglibc-2.14/eglibc-build/elf/dl-allobjs.os
 .note.GNU-stack
                0x0000000000000000        0x0 /users/leeymcj/dune/eglibc-2.14/eglibc-build/elf/rtld-libc.a(rtld-check_fds.os)
 .note.GNU-stack
                0x0000000000000000        0x0 /users/leeymcj/dune/eglibc-2.14/eglibc-build/elf/rtld-libc.a(rtld-errno.os)
 .note.GNU-stack
                0x0000000000000000        0x0 /users/leeymcj/dune/eglibc-2.14/eglibc-build/elf/rtld-libc.a(rtld-closedir.os)
 .note.GNU-stack
                0x0000000000000000        0x0 /users/leeymcj/dune/eglibc-2.14/eglibc-build/elf/rtld-libc.a(rtld-readdir.os)
 .note.GNU-stack
                0x0000000000000000        0x0 /users/leeymcj/dune/eglibc-2.14/eglibc-build/elf/rtld-libc.a(rtld-rewinddir.os)
 .note.GNU-stack
                0x0000000000000000        0x0 /users/leeymcj/dune/eglibc-2.14/eglibc-build/elf/rtld-libc.a(rtld-getdents.os)
 .note.GNU-stack
                0x0000000000000000        0x0 /users/leeymcj/dune/eglibc-2.14/eglibc-build/elf/rtld-libc.a(rtld-fdopendir.os)
 .note.GNU-stack
                0x0000000000000000        0x0 /users/leeymcj/dune/eglibc-2.14/eglibc-build/elf/rtld-libc.a(rtld-profil.os)
 .note.GNU-stack
                0x0000000000000000        0x0 /users/leeymcj/dune/eglibc-2.14/eglibc-build/elf/rtld-libc.a(rtld-prof-freq.os)
 .note.GNU-stack
                0x0000000000000000        0x0 /users/leeymcj/dune/eglibc-2.14/eglibc-build/elf/rtld-libc.a(rtld-xstat.os)
 .note.GNU-stack
                0x0000000000000000        0x0 /users/leeymcj/dune/eglibc-2.14/eglibc-build/elf/rtld-libc.a(rtld-fxstat.os)
 .note.GNU-stack
                0x0000000000000000        0x0 /users/leeymcj/dune/eglibc-2.14/eglibc-build/elf/rtld-libc.a(rtld-lxstat.os)
 .note.GNU-stack
                0x0000000000000000        0x0 /users/leeymcj/dune/eglibc-2.14/eglibc-build/elf/rtld-libc.a(rtld-open.os)
 .note.GNU-stack
                0x0000000000000000        0x0 /users/leeymcj/dune/eglibc-2.14/eglibc-build/elf/rtld-libc.a(rtld-close.os)
 .note.GNU-stack
                0x0000000000000000        0x0 /users/leeymcj/dune/eglibc-2.14/eglibc-build/elf/rtld-libc.a(rtld-read.os)
 .note.GNU-stack
                0x0000000000000000        0x0 /users/leeymcj/dune/eglibc-2.14/eglibc-build/elf/rtld-libc.a(rtld-write.os)
 .note.GNU-stack
                0x0000000000000000        0x0 /users/leeymcj/dune/eglibc-2.14/eglibc-build/elf/rtld-libc.a(rtld-access.os)
 .note.GNU-stack
                0x0000000000000000        0x0 /users/leeymcj/dune/eglibc-2.14/eglibc-build/elf/rtld-libc.a(rtld-fcntl.os)
 .note.GNU-stack
                0x0000000000000000        0x0 /users/leeymcj/dune/eglibc-2.14/eglibc-build/elf/rtld-libc.a(rtld-getpagesize.os)
 .note.GNU-stack
                0x0000000000000000        0x0 /users/leeymcj/dune/eglibc-2.14/eglibc-build/elf/rtld-libc.a(rtld-mmap.os)
 .note.GNU-stack
                0x0000000000000000        0x0 /users/leeymcj/dune/eglibc-2.14/eglibc-build/elf/rtld-libc.a(rtld-munmap.os)
 .note.GNU-stack
                0x0000000000000000        0x0 /users/leeymcj/dune/eglibc-2.14/eglibc-build/elf/rtld-libc.a(rtld-mprotect.os)
 .note.GNU-stack
                0x0000000000000000        0x0 /users/leeymcj/dune/eglibc-2.14/eglibc-build/elf/rtld-libc.a(rtld-llseek.os)
 .note.GNU-stack
                0x0000000000000000        0x0 /users/leeymcj/dune/eglibc-2.14/eglibc-build/elf/rtld-libc.a(rtld-uname.os)
 .note.GNU-stack
                0x0000000000000000        0x0 /users/leeymcj/dune/eglibc-2.14/eglibc-build/elf/rtld-libc.a(rtld-_exit.os)
 .note.GNU-stack
                0x0000000000000000        0x0 /users/leeymcj/dune/eglibc-2.14/eglibc-build/elf/rtld-libc.a(rtld-getpid.os)
 .note.GNU-stack
                0x0000000000000000        0x0 /users/leeymcj/dune/eglibc-2.14/eglibc-build/elf/rtld-libc.a(rtld-getuid.os)
 .note.GNU-stack
                0x0000000000000000        0x0 /users/leeymcj/dune/eglibc-2.14/eglibc-build/elf/rtld-libc.a(rtld-geteuid.os)
 .note.GNU-stack
                0x0000000000000000        0x0 /users/leeymcj/dune/eglibc-2.14/eglibc-build/elf/rtld-libc.a(rtld-getgid.os)
 .note.GNU-stack
                0x0000000000000000        0x0 /users/leeymcj/dune/eglibc-2.14/eglibc-build/elf/rtld-libc.a(rtld-getegid.os)
 .note.GNU-stack
                0x0000000000000000        0x0 /users/leeymcj/dune/eglibc-2.14/eglibc-build/elf/rtld-libc.a(rtld-environ.os)
 .note.GNU-stack
                0x0000000000000000        0x0 /users/leeymcj/dune/eglibc-2.14/eglibc-build/elf/rtld-libc.a(rtld-setjmp.os)
 .note.GNU-stack
                0x0000000000000000        0x0 /users/leeymcj/dune/eglibc-2.14/eglibc-build/elf/rtld-libc.a(rtld-__longjmp.os)
 .note.GNU-stack
                0x0000000000000000        0x0 /users/leeymcj/dune/eglibc-2.14/eglibc-build/elf/rtld-libc.a(rtld-sigaction.os)
 .note.GNU-stack
                0x0000000000000000        0x0 /users/leeymcj/dune/eglibc-2.14/eglibc-build/elf/rtld-libc.a(rtld-strchr.os)
 .note.GNU-stack
                0x0000000000000000        0x0 /users/leeymcj/dune/eglibc-2.14/eglibc-build/elf/rtld-libc.a(rtld-strcmp.os)
 .note.GNU-stack
                0x0000000000000000        0x0 /users/leeymcj/dune/eglibc-2.14/eglibc-build/elf/rtld-libc.a(rtld-strcpy.os)
 .note.GNU-stack
                0x0000000000000000        0x0 /users/leeymcj/dune/eglibc-2.14/eglibc-build/elf/rtld-libc.a(rtld-strlen.os)
 .note.GNU-stack
                0x0000000000000000        0x0 /users/leeymcj/dune/eglibc-2.14/eglibc-build/elf/rtld-libc.a(rtld-strnlen.os)
 .note.GNU-stack
                0x0000000000000000        0x0 /users/leeymcj/dune/eglibc-2.14/eglibc-build/elf/rtld-libc.a(rtld-memchr.os)
 .note.GNU-stack
                0x0000000000000000        0x0 /users/leeymcj/dune/eglibc-2.14/eglibc-build/elf/rtld-libc.a(rtld-memcmp.os)
 .note.GNU-stack
                0x0000000000000000        0x0 /users/leeymcj/dune/eglibc-2.14/eglibc-build/elf/rtld-libc.a(rtld-memmove.os)
 .note.GNU-stack
                0x0000000000000000        0x0 /users/leeymcj/dune/eglibc-2.14/eglibc-build/elf/rtld-libc.a(rtld-memset.os)
 .note.GNU-stack
                0x0000000000000000        0x0 /users/leeymcj/dune/eglibc-2.14/eglibc-build/elf/rtld-libc.a(rtld-mempcpy.os)
 .note.GNU-stack
                0x0000000000000000        0x0 /users/leeymcj/dune/eglibc-2.14/eglibc-build/elf/rtld-libc.a(rtld-stpcpy.os)
 .note.GNU-stack
                0x0000000000000000        0x0 /users/leeymcj/dune/eglibc-2.14/eglibc-build/elf/rtld-libc.a(rtld-memcpy.os)
 .note.GNU-stack
                0x0000000000000000        0x0 /users/leeymcj/dune/eglibc-2.14/eglibc-build/elf/rtld-libc.a(rtld-wordcopy.os)
 .note.GNU-stack
                0x0000000000000000        0x0 /users/leeymcj/dune/eglibc-2.14/eglibc-build/elf/rtld-libc.a(rtld-rawmemchr.os)
 .note.GNU-stack
                0x0000000000000000        0x0 /users/leeymcj/dune/eglibc-2.14/eglibc-build/elf/rtld-libc.a(rtld-cacheinfo.os)
 .note.GNU-stack
                0x0000000000000000        0x0 /users/leeymcj/dune/eglibc-2.14/eglibc-build/elf/rtld-libc.a(rtld-setitimer.os)
 .note.GNU-stack
                0x0000000000000000        0x0 /users/leeymcj/dune/eglibc-2.14/eglibc-build/elf/rtld-libc.a(rtld-init-arch.os)
 .note.GNU-stack
                0x0000000000000000        0x0 /users/leeymcj/dune/eglibc-2.14/eglibc-build/elf/rtld-libc.a(rtld-bsearch.os)

.debug
 *(.debug)

.line
 *(.line)

.debug_srcinfo
 *(.debug_srcinfo)

.debug_sfnames
 *(.debug_sfnames)

.debug_aranges  0x0000000000000000     0x1090
 *(.debug_aranges)
 .debug_aranges
                0x0000000000000000      0x6e0 /users/leeymcj/dune/eglibc-2.14/eglibc-build/elf/dl-allobjs.os
 .debug_aranges
                0x00000000000006e0       0x30 /users/leeymcj/dune/eglibc-2.14/eglibc-build/elf/rtld-libc.a(rtld-check_fds.os)
 .debug_aranges
                0x0000000000000710       0x20 /users/leeymcj/dune/eglibc-2.14/eglibc-build/elf/rtld-libc.a(rtld-errno.os)
 .debug_aranges
                0x0000000000000730       0x30 /users/leeymcj/dune/eglibc-2.14/eglibc-build/elf/rtld-libc.a(rtld-closedir.os)
 .debug_aranges
                0x0000000000000760       0x30 /users/leeymcj/dune/eglibc-2.14/eglibc-build/elf/rtld-libc.a(rtld-readdir.os)
 .debug_aranges
                0x0000000000000790       0x30 /users/leeymcj/dune/eglibc-2.14/eglibc-build/elf/rtld-libc.a(rtld-rewinddir.os)
 .debug_aranges
                0x00000000000007c0       0x30 /users/leeymcj/dune/eglibc-2.14/eglibc-build/elf/rtld-libc.a(rtld-getdents.os)
 .debug_aranges
                0x00000000000007f0       0x30 /users/leeymcj/dune/eglibc-2.14/eglibc-build/elf/rtld-libc.a(rtld-fdopendir.os)
 .debug_aranges
                0x0000000000000820       0x30 /users/leeymcj/dune/eglibc-2.14/eglibc-build/elf/rtld-libc.a(rtld-profil.os)
 .debug_aranges
                0x0000000000000850       0x30 /users/leeymcj/dune/eglibc-2.14/eglibc-build/elf/rtld-libc.a(rtld-prof-freq.os)
 .debug_aranges
                0x0000000000000880       0x30 /users/leeymcj/dune/eglibc-2.14/eglibc-build/elf/rtld-libc.a(rtld-xstat.os)
 .debug_aranges
                0x00000000000008b0       0x30 /users/leeymcj/dune/eglibc-2.14/eglibc-build/elf/rtld-libc.a(rtld-fxstat.os)
 .debug_aranges
                0x00000000000008e0       0x30 /users/leeymcj/dune/eglibc-2.14/eglibc-build/elf/rtld-libc.a(rtld-lxstat.os)
 .debug_aranges
                0x0000000000000910       0x30 /users/leeymcj/dune/eglibc-2.14/eglibc-build/elf/rtld-libc.a(rtld-open.os)
 .debug_aranges
                0x0000000000000940       0x30 /users/leeymcj/dune/eglibc-2.14/eglibc-build/elf/rtld-libc.a(rtld-close.os)
 .debug_aranges
                0x0000000000000970       0x30 /users/leeymcj/dune/eglibc-2.14/eglibc-build/elf/rtld-libc.a(rtld-read.os)
 .debug_aranges
                0x00000000000009a0       0x30 /users/leeymcj/dune/eglibc-2.14/eglibc-build/elf/rtld-libc.a(rtld-write.os)
 .debug_aranges
                0x00000000000009d0       0x30 /users/leeymcj/dune/eglibc-2.14/eglibc-build/elf/rtld-libc.a(rtld-access.os)
 .debug_aranges
                0x0000000000000a00       0x30 /users/leeymcj/dune/eglibc-2.14/eglibc-build/elf/rtld-libc.a(rtld-fcntl.os)
 .debug_aranges
                0x0000000000000a30       0x30 /users/leeymcj/dune/eglibc-2.14/eglibc-build/elf/rtld-libc.a(rtld-getpagesize.os)
 .debug_aranges
                0x0000000000000a60       0x30 /users/leeymcj/dune/eglibc-2.14/eglibc-build/elf/rtld-libc.a(rtld-mmap.os)
 .debug_aranges
                0x0000000000000a90       0x30 /users/leeymcj/dune/eglibc-2.14/eglibc-build/elf/rtld-libc.a(rtld-munmap.os)
 .debug_aranges
                0x0000000000000ac0       0x30 /users/leeymcj/dune/eglibc-2.14/eglibc-build/elf/rtld-libc.a(rtld-mprotect.os)
 .debug_aranges
                0x0000000000000af0       0x30 /users/leeymcj/dune/eglibc-2.14/eglibc-build/elf/rtld-libc.a(rtld-llseek.os)
 .debug_aranges
                0x0000000000000b20       0x30 /users/leeymcj/dune/eglibc-2.14/eglibc-build/elf/rtld-libc.a(rtld-uname.os)
 .debug_aranges
                0x0000000000000b50       0x30 /users/leeymcj/dune/eglibc-2.14/eglibc-build/elf/rtld-libc.a(rtld-_exit.os)
 .debug_aranges
                0x0000000000000b80       0x30 /users/leeymcj/dune/eglibc-2.14/eglibc-build/elf/rtld-libc.a(rtld-getpid.os)
 .debug_aranges
                0x0000000000000bb0       0x30 /users/leeymcj/dune/eglibc-2.14/eglibc-build/elf/rtld-libc.a(rtld-getuid.os)
 .debug_aranges
                0x0000000000000be0       0x30 /users/leeymcj/dune/eglibc-2.14/eglibc-build/elf/rtld-libc.a(rtld-geteuid.os)
 .debug_aranges
                0x0000000000000c10       0x30 /users/leeymcj/dune/eglibc-2.14/eglibc-build/elf/rtld-libc.a(rtld-getgid.os)
 .debug_aranges
                0x0000000000000c40       0x30 /users/leeymcj/dune/eglibc-2.14/eglibc-build/elf/rtld-libc.a(rtld-getegid.os)
 .debug_aranges
                0x0000000000000c70       0x20 /users/leeymcj/dune/eglibc-2.14/eglibc-build/elf/rtld-libc.a(rtld-environ.os)
 .debug_aranges
                0x0000000000000c90       0x30 /users/leeymcj/dune/eglibc-2.14/eglibc-build/elf/rtld-libc.a(rtld-setjmp.os)
 .debug_aranges
                0x0000000000000cc0       0x30 /users/leeymcj/dune/eglibc-2.14/eglibc-build/elf/rtld-libc.a(rtld-__longjmp.os)
 .debug_aranges
                0x0000000000000cf0       0x30 /users/leeymcj/dune/eglibc-2.14/eglibc-build/elf/rtld-libc.a(rtld-sigaction.os)
 .debug_aranges
                0x0000000000000d20       0x30 /users/leeymcj/dune/eglibc-2.14/eglibc-build/elf/rtld-libc.a(rtld-strchr.os)
 .debug_aranges
                0x0000000000000d50       0x30 /users/leeymcj/dune/eglibc-2.14/eglibc-build/elf/rtld-libc.a(rtld-strcmp.os)
 .debug_aranges
                0x0000000000000d80       0x30 /users/leeymcj/dune/eglibc-2.14/eglibc-build/elf/rtld-libc.a(rtld-strcpy.os)
 .debug_aranges
                0x0000000000000db0       0x30 /users/leeymcj/dune/eglibc-2.14/eglibc-build/elf/rtld-libc.a(rtld-strlen.os)
 .debug_aranges
                0x0000000000000de0       0x30 /users/leeymcj/dune/eglibc-2.14/eglibc-build/elf/rtld-libc.a(rtld-strnlen.os)
 .debug_aranges
                0x0000000000000e10       0x30 /users/leeymcj/dune/eglibc-2.14/eglibc-build/elf/rtld-libc.a(rtld-memchr.os)
 .debug_aranges
                0x0000000000000e40       0x30 /users/leeymcj/dune/eglibc-2.14/eglibc-build/elf/rtld-libc.a(rtld-memcmp.os)
 .debug_aranges
                0x0000000000000e70       0x30 /users/leeymcj/dune/eglibc-2.14/eglibc-build/elf/rtld-libc.a(rtld-memmove.os)
 .debug_aranges
                0x0000000000000ea0       0x30 /users/leeymcj/dune/eglibc-2.14/eglibc-build/elf/rtld-libc.a(rtld-memset.os)
 .debug_aranges
                0x0000000000000ed0       0x30 /users/leeymcj/dune/eglibc-2.14/eglibc-build/elf/rtld-libc.a(rtld-mempcpy.os)
 .debug_aranges
                0x0000000000000f00       0x30 /users/leeymcj/dune/eglibc-2.14/eglibc-build/elf/rtld-libc.a(rtld-stpcpy.os)
 .debug_aranges
                0x0000000000000f30       0x30 /users/leeymcj/dune/eglibc-2.14/eglibc-build/elf/rtld-libc.a(rtld-memcpy.os)
 .debug_aranges
                0x0000000000000f60       0x30 /users/leeymcj/dune/eglibc-2.14/eglibc-build/elf/rtld-libc.a(rtld-wordcopy.os)
 .debug_aranges
                0x0000000000000f90       0x30 /users/leeymcj/dune/eglibc-2.14/eglibc-build/elf/rtld-libc.a(rtld-rawmemchr.os)
 .debug_aranges
                0x0000000000000fc0       0x40 /users/leeymcj/dune/eglibc-2.14/eglibc-build/elf/rtld-libc.a(rtld-cacheinfo.os)
 .debug_aranges
                0x0000000000001000       0x30 /users/leeymcj/dune/eglibc-2.14/eglibc-build/elf/rtld-libc.a(rtld-setitimer.os)
 .debug_aranges
                0x0000000000001030       0x30 /users/leeymcj/dune/eglibc-2.14/eglibc-build/elf/rtld-libc.a(rtld-init-arch.os)
 .debug_aranges
                0x0000000000001060       0x30 /users/leeymcj/dune/eglibc-2.14/eglibc-build/elf/rtld-libc.a(rtld-bsearch.os)

.debug_pubnames
 *(.debug_pubnames)

.debug_info     0x0000000000000000    0x57ad9
 *(.debug_info)
 .debug_info    0x0000000000000000    0x4d854 /users/leeymcj/dune/eglibc-2.14/eglibc-build/elf/dl-allobjs.os
 .debug_info    0x000000000004d854      0x48d /users/leeymcj/dune/eglibc-2.14/eglibc-build/elf/rtld-libc.a(rtld-check_fds.os)
 .debug_info    0x000000000004dce1       0xc7 /users/leeymcj/dune/eglibc-2.14/eglibc-build/elf/rtld-libc.a(rtld-errno.os)
 .debug_info    0x000000000004dda8      0x2df /users/leeymcj/dune/eglibc-2.14/eglibc-build/elf/rtld-libc.a(rtld-closedir.os)
 .debug_info    0x000000000004e087      0x392 /users/leeymcj/dune/eglibc-2.14/eglibc-build/elf/rtld-libc.a(rtld-readdir.os)
 .debug_info    0x000000000004e419      0x2aa /users/leeymcj/dune/eglibc-2.14/eglibc-build/elf/rtld-libc.a(rtld-rewinddir.os)
 .debug_info    0x000000000004e6c3      0x638 /users/leeymcj/dune/eglibc-2.14/eglibc-build/elf/rtld-libc.a(rtld-getdents.os)
 .debug_info    0x000000000004ecfb      0x4ce /users/leeymcj/dune/eglibc-2.14/eglibc-build/elf/rtld-libc.a(rtld-fdopendir.os)
 .debug_info    0x000000000004f1c9      0x9af /users/leeymcj/dune/eglibc-2.14/eglibc-build/elf/rtld-libc.a(rtld-profil.os)
 .debug_info    0x000000000004fb78     0x1aa7 /users/leeymcj/dune/eglibc-2.14/eglibc-build/elf/rtld-libc.a(rtld-prof-freq.os)
 .debug_info    0x000000000005161f      0x301 /users/leeymcj/dune/eglibc-2.14/eglibc-build/elf/rtld-libc.a(rtld-xstat.os)
 .debug_info    0x0000000000051920      0x2f5 /users/leeymcj/dune/eglibc-2.14/eglibc-build/elf/rtld-libc.a(rtld-fxstat.os)
 .debug_info    0x0000000000051c15      0x301 /users/leeymcj/dune/eglibc-2.14/eglibc-build/elf/rtld-libc.a(rtld-lxstat.os)
 .debug_info    0x0000000000051f16       0x80 /users/leeymcj/dune/eglibc-2.14/eglibc-build/elf/rtld-libc.a(rtld-open.os)
 .debug_info    0x0000000000051f96       0x80 /users/leeymcj/dune/eglibc-2.14/eglibc-build/elf/rtld-libc.a(rtld-close.os)
 .debug_info    0x0000000000052016       0x80 /users/leeymcj/dune/eglibc-2.14/eglibc-build/elf/rtld-libc.a(rtld-read.os)
 .debug_info    0x0000000000052096       0x80 /users/leeymcj/dune/eglibc-2.14/eglibc-build/elf/rtld-libc.a(rtld-write.os)
 .debug_info    0x0000000000052116       0x80 /users/leeymcj/dune/eglibc-2.14/eglibc-build/elf/rtld-libc.a(rtld-access.os)
 .debug_info    0x0000000000052196      0x598 /users/leeymcj/dune/eglibc-2.14/eglibc-build/elf/rtld-libc.a(rtld-fcntl.os)
 .debug_info    0x000000000005272e     0x19a5 /users/leeymcj/dune/eglibc-2.14/eglibc-build/elf/rtld-libc.a(rtld-getpagesize.os)
 .debug_info    0x00000000000540d3       0x82 /users/leeymcj/dune/eglibc-2.14/eglibc-build/elf/rtld-libc.a(rtld-mmap.os)
 .debug_info    0x0000000000054155       0x82 /users/leeymcj/dune/eglibc-2.14/eglibc-build/elf/rtld-libc.a(rtld-munmap.os)
 .debug_info    0x00000000000541d7       0x82 /users/leeymcj/dune/eglibc-2.14/eglibc-build/elf/rtld-libc.a(rtld-mprotect.os)
 .debug_info    0x0000000000054259       0x82 /users/leeymcj/dune/eglibc-2.14/eglibc-build/elf/rtld-libc.a(rtld-llseek.os)
 .debug_info    0x00000000000542db       0x83 /users/leeymcj/dune/eglibc-2.14/eglibc-build/elf/rtld-libc.a(rtld-uname.os)
 .debug_info    0x000000000005435e      0x194 /users/leeymcj/dune/eglibc-2.14/eglibc-build/elf/rtld-libc.a(rtld-_exit.os)
 .debug_info    0x00000000000544f2      0x127 /users/leeymcj/dune/eglibc-2.14/eglibc-build/elf/rtld-libc.a(rtld-getpid.os)
 .debug_info    0x0000000000054619       0x83 /users/leeymcj/dune/eglibc-2.14/eglibc-build/elf/rtld-libc.a(rtld-getuid.os)
 .debug_info    0x000000000005469c       0x83 /users/leeymcj/dune/eglibc-2.14/eglibc-build/elf/rtld-libc.a(rtld-geteuid.os)
 .debug_info    0x000000000005471f       0x83 /users/leeymcj/dune/eglibc-2.14/eglibc-build/elf/rtld-libc.a(rtld-getgid.os)
 .debug_info    0x00000000000547a2       0x83 /users/leeymcj/dune/eglibc-2.14/eglibc-build/elf/rtld-libc.a(rtld-getegid.os)
 .debug_info    0x0000000000054825       0xaf /users/leeymcj/dune/eglibc-2.14/eglibc-build/elf/rtld-libc.a(rtld-environ.os)
 .debug_info    0x00000000000548d4       0x7c /users/leeymcj/dune/eglibc-2.14/eglibc-build/elf/rtld-libc.a(rtld-setjmp.os)
 .debug_info    0x0000000000054950       0x7f /users/leeymcj/dune/eglibc-2.14/eglibc-build/elf/rtld-libc.a(rtld-__longjmp.os)
 .debug_info    0x00000000000549cf      0x610 /users/leeymcj/dune/eglibc-2.14/eglibc-build/elf/rtld-libc.a(rtld-sigaction.os)
 .debug_info    0x0000000000054fdf       0x89 /users/leeymcj/dune/eglibc-2.14/eglibc-build/elf/rtld-libc.a(rtld-strchr.os)
 .debug_info    0x0000000000055068       0x89 /users/leeymcj/dune/eglibc-2.14/eglibc-build/elf/rtld-libc.a(rtld-strcmp.os)
 .debug_info    0x00000000000550f1       0x89 /users/leeymcj/dune/eglibc-2.14/eglibc-build/elf/rtld-libc.a(rtld-strcpy.os)
 .debug_info    0x000000000005517a       0x8e /users/leeymcj/dune/eglibc-2.14/eglibc-build/elf/rtld-libc.a(rtld-strlen.os)
 .debug_info    0x0000000000055208       0x7d /users/leeymcj/dune/eglibc-2.14/eglibc-build/elf/rtld-libc.a(rtld-strnlen.os)
 .debug_info    0x0000000000055285       0x7c /users/leeymcj/dune/eglibc-2.14/eglibc-build/elf/rtld-libc.a(rtld-memchr.os)
 .debug_info    0x0000000000055301      0x7f6 /users/leeymcj/dune/eglibc-2.14/eglibc-build/elf/rtld-libc.a(rtld-memcmp.os)
 .debug_info    0x0000000000055af7      0x2b8 /users/leeymcj/dune/eglibc-2.14/eglibc-build/elf/rtld-libc.a(rtld-memmove.os)
 .debug_info    0x0000000000055daf       0x89 /users/leeymcj/dune/eglibc-2.14/eglibc-build/elf/rtld-libc.a(rtld-memset.os)
 .debug_info    0x0000000000055e38       0x7c /users/leeymcj/dune/eglibc-2.14/eglibc-build/elf/rtld-libc.a(rtld-mempcpy.os)
 .debug_info    0x0000000000055eb4       0x89 /users/leeymcj/dune/eglibc-2.14/eglibc-build/elf/rtld-libc.a(rtld-stpcpy.os)
 .debug_info    0x0000000000055f3d       0x89 /users/leeymcj/dune/eglibc-2.14/eglibc-build/elf/rtld-libc.a(rtld-memcpy.os)
 .debug_info    0x0000000000055fc6      0x419 /users/leeymcj/dune/eglibc-2.14/eglibc-build/elf/rtld-libc.a(rtld-wordcopy.os)
 .debug_info    0x00000000000563df       0x8c /users/leeymcj/dune/eglibc-2.14/eglibc-build/elf/rtld-libc.a(rtld-rawmemchr.os)
 .debug_info    0x000000000005646b     0x10e7 /users/leeymcj/dune/eglibc-2.14/eglibc-build/elf/rtld-libc.a(rtld-cacheinfo.os)
 .debug_info    0x0000000000057552       0x82 /users/leeymcj/dune/eglibc-2.14/eglibc-build/elf/rtld-libc.a(rtld-setitimer.os)
 .debug_info    0x00000000000575d4      0x390 /users/leeymcj/dune/eglibc-2.14/eglibc-build/elf/rtld-libc.a(rtld-init-arch.os)
 .debug_info    0x0000000000057964      0x175 /users/leeymcj/dune/eglibc-2.14/eglibc-build/elf/rtld-libc.a(rtld-bsearch.os)

.debug_abbrev   0x0000000000000000     0xa046
 *(.debug_abbrev)
 .debug_abbrev  0x0000000000000000     0x7be0 /users/leeymcj/dune/eglibc-2.14/eglibc-build/elf/dl-allobjs.os
 .debug_abbrev  0x0000000000007be0      0x1cd /users/leeymcj/dune/eglibc-2.14/eglibc-build/elf/rtld-libc.a(rtld-check_fds.os)
 .debug_abbrev  0x0000000000007dad       0x5d /users/leeymcj/dune/eglibc-2.14/eglibc-build/elf/rtld-libc.a(rtld-errno.os)
 .debug_abbrev  0x0000000000007e0a      0x15f /users/leeymcj/dune/eglibc-2.14/eglibc-build/elf/rtld-libc.a(rtld-closedir.os)
 .debug_abbrev  0x0000000000007f69      0x15a /users/leeymcj/dune/eglibc-2.14/eglibc-build/elf/rtld-libc.a(rtld-readdir.os)
 .debug_abbrev  0x00000000000080c3      0x124 /users/leeymcj/dune/eglibc-2.14/eglibc-build/elf/rtld-libc.a(rtld-rewinddir.os)
 .debug_abbrev  0x00000000000081e7      0x205 /users/leeymcj/dune/eglibc-2.14/eglibc-build/elf/rtld-libc.a(rtld-getdents.os)
 .debug_abbrev  0x00000000000083ec      0x16f /users/leeymcj/dune/eglibc-2.14/eglibc-build/elf/rtld-libc.a(rtld-fdopendir.os)
 .debug_abbrev  0x000000000000855b      0x2a1 /users/leeymcj/dune/eglibc-2.14/eglibc-build/elf/rtld-libc.a(rtld-profil.os)
 .debug_abbrev  0x00000000000087fc      0x299 /users/leeymcj/dune/eglibc-2.14/eglibc-build/elf/rtld-libc.a(rtld-prof-freq.os)
 .debug_abbrev  0x0000000000008a95       0xf7 /users/leeymcj/dune/eglibc-2.14/eglibc-build/elf/rtld-libc.a(rtld-xstat.os)
 .debug_abbrev  0x0000000000008b8c      0x106 /users/leeymcj/dune/eglibc-2.14/eglibc-build/elf/rtld-libc.a(rtld-fxstat.os)
 .debug_abbrev  0x0000000000008c92       0xf7 /users/leeymcj/dune/eglibc-2.14/eglibc-build/elf/rtld-libc.a(rtld-lxstat.os)
 .debug_abbrev  0x0000000000008d89       0x14 /users/leeymcj/dune/eglibc-2.14/eglibc-build/elf/rtld-libc.a(rtld-open.os)
 .debug_abbrev  0x0000000000008d9d       0x14 /users/leeymcj/dune/eglibc-2.14/eglibc-build/elf/rtld-libc.a(rtld-close.os)
 .debug_abbrev  0x0000000000008db1       0x14 /users/leeymcj/dune/eglibc-2.14/eglibc-build/elf/rtld-libc.a(rtld-read.os)
 .debug_abbrev  0x0000000000008dc5       0x14 /users/leeymcj/dune/eglibc-2.14/eglibc-build/elf/rtld-libc.a(rtld-write.os)
 .debug_abbrev  0x0000000000008dd9       0x14 /users/leeymcj/dune/eglibc-2.14/eglibc-build/elf/rtld-libc.a(rtld-access.os)
 .debug_abbrev  0x0000000000008ded      0x1e5 /users/leeymcj/dune/eglibc-2.14/eglibc-build/elf/rtld-libc.a(rtld-fcntl.os)
 .debug_abbrev  0x0000000000008fd2      0x24f /users/leeymcj/dune/eglibc-2.14/eglibc-build/elf/rtld-libc.a(rtld-getpagesize.os)
 .debug_abbrev  0x0000000000009221       0x14 /users/leeymcj/dune/eglibc-2.14/eglibc-build/elf/rtld-libc.a(rtld-mmap.os)
 .debug_abbrev  0x0000000000009235       0x14 /users/leeymcj/dune/eglibc-2.14/eglibc-build/elf/rtld-libc.a(rtld-munmap.os)
 .debug_abbrev  0x0000000000009249       0x14 /users/leeymcj/dune/eglibc-2.14/eglibc-build/elf/rtld-libc.a(rtld-mprotect.os)
 .debug_abbrev  0x000000000000925d       0x14 /users/leeymcj/dune/eglibc-2.14/eglibc-build/elf/rtld-libc.a(rtld-llseek.os)
 .debug_abbrev  0x0000000000009271       0x14 /users/leeymcj/dune/eglibc-2.14/eglibc-build/elf/rtld-libc.a(rtld-uname.os)
 .debug_abbrev  0x0000000000009285       0xbf /users/leeymcj/dune/eglibc-2.14/eglibc-build/elf/rtld-libc.a(rtld-_exit.os)
 .debug_abbrev  0x0000000000009344       0x9e /users/leeymcj/dune/eglibc-2.14/eglibc-build/elf/rtld-libc.a(rtld-getpid.os)
 .debug_abbrev  0x00000000000093e2       0x14 /users/leeymcj/dune/eglibc-2.14/eglibc-build/elf/rtld-libc.a(rtld-getuid.os)
 .debug_abbrev  0x00000000000093f6       0x14 /users/leeymcj/dune/eglibc-2.14/eglibc-build/elf/rtld-libc.a(rtld-geteuid.os)
 .debug_abbrev  0x000000000000940a       0x14 /users/leeymcj/dune/eglibc-2.14/eglibc-build/elf/rtld-libc.a(rtld-getgid.os)
 .debug_abbrev  0x000000000000941e       0x14 /users/leeymcj/dune/eglibc-2.14/eglibc-build/elf/rtld-libc.a(rtld-getegid.os)
 .debug_abbrev  0x0000000000009432       0x40 /users/leeymcj/dune/eglibc-2.14/eglibc-build/elf/rtld-libc.a(rtld-environ.os)
 .debug_abbrev  0x0000000000009472       0x14 /users/leeymcj/dune/eglibc-2.14/eglibc-build/elf/rtld-libc.a(rtld-setjmp.os)
 .debug_abbrev  0x0000000000009486       0x14 /users/leeymcj/dune/eglibc-2.14/eglibc-build/elf/rtld-libc.a(rtld-__longjmp.os)
 .debug_abbrev  0x000000000000949a      0x1cc /users/leeymcj/dune/eglibc-2.14/eglibc-build/elf/rtld-libc.a(rtld-sigaction.os)
 .debug_abbrev  0x0000000000009666       0x14 /users/leeymcj/dune/eglibc-2.14/eglibc-build/elf/rtld-libc.a(rtld-strchr.os)
 .debug_abbrev  0x000000000000967a       0x14 /users/leeymcj/dune/eglibc-2.14/eglibc-build/elf/rtld-libc.a(rtld-strcmp.os)
 .debug_abbrev  0x000000000000968e       0x14 /users/leeymcj/dune/eglibc-2.14/eglibc-build/elf/rtld-libc.a(rtld-strcpy.os)
 .debug_abbrev  0x00000000000096a2       0x14 /users/leeymcj/dune/eglibc-2.14/eglibc-build/elf/rtld-libc.a(rtld-strlen.os)
 .debug_abbrev  0x00000000000096b6       0x14 /users/leeymcj/dune/eglibc-2.14/eglibc-build/elf/rtld-libc.a(rtld-strnlen.os)
 .debug_abbrev  0x00000000000096ca       0x14 /users/leeymcj/dune/eglibc-2.14/eglibc-build/elf/rtld-libc.a(rtld-memchr.os)
 .debug_abbrev  0x00000000000096de      0x176 /users/leeymcj/dune/eglibc-2.14/eglibc-build/elf/rtld-libc.a(rtld-memcmp.os)
 .debug_abbrev  0x0000000000009854      0x117 /users/leeymcj/dune/eglibc-2.14/eglibc-build/elf/rtld-libc.a(rtld-memmove.os)
 .debug_abbrev  0x000000000000996b       0x14 /users/leeymcj/dune/eglibc-2.14/eglibc-build/elf/rtld-libc.a(rtld-memset.os)
 .debug_abbrev  0x000000000000997f       0x14 /users/leeymcj/dune/eglibc-2.14/eglibc-build/elf/rtld-libc.a(rtld-mempcpy.os)
 .debug_abbrev  0x0000000000009993       0x14 /users/leeymcj/dune/eglibc-2.14/eglibc-build/elf/rtld-libc.a(rtld-stpcpy.os)
 .debug_abbrev  0x00000000000099a7       0x14 /users/leeymcj/dune/eglibc-2.14/eglibc-build/elf/rtld-libc.a(rtld-memcpy.os)
 .debug_abbrev  0x00000000000099bb      0x119 /users/leeymcj/dune/eglibc-2.14/eglibc-build/elf/rtld-libc.a(rtld-wordcopy.os)
 .debug_abbrev  0x0000000000009ad4       0x14 /users/leeymcj/dune/eglibc-2.14/eglibc-build/elf/rtld-libc.a(rtld-rawmemchr.os)
 .debug_abbrev  0x0000000000009ae8      0x2e9 /users/leeymcj/dune/eglibc-2.14/eglibc-build/elf/rtld-libc.a(rtld-cacheinfo.os)
 .debug_abbrev  0x0000000000009dd1       0x14 /users/leeymcj/dune/eglibc-2.14/eglibc-build/elf/rtld-libc.a(rtld-setitimer.os)
 .debug_abbrev  0x0000000000009de5      0x198 /users/leeymcj/dune/eglibc-2.14/eglibc-build/elf/rtld-libc.a(rtld-init-arch.os)
 .debug_abbrev  0x0000000000009f7d       0xc9 /users/leeymcj/dune/eglibc-2.14/eglibc-build/elf/rtld-libc.a(rtld-bsearch.os)

.debug_line     0x0000000000000000     0xcb7d
 *(.debug_line)
 .debug_line    0x0000000000000000     0x9ae9 /users/leeymcj/dune/eglibc-2.14/eglibc-build/elf/dl-allobjs.os
 .debug_line    0x0000000000009ae9      0x15e /users/leeymcj/dune/eglibc-2.14/eglibc-build/elf/rtld-libc.a(rtld-check_fds.os)
 .debug_line    0x0000000000009c47       0x43 /users/leeymcj/dune/eglibc-2.14/eglibc-build/elf/rtld-libc.a(rtld-errno.os)
 .debug_line    0x0000000000009c8a      0x1a5 /users/leeymcj/dune/eglibc-2.14/eglibc-build/elf/rtld-libc.a(rtld-closedir.os)
 .debug_line    0x0000000000009e2f      0x1e1 /users/leeymcj/dune/eglibc-2.14/eglibc-build/elf/rtld-libc.a(rtld-readdir.os)
 .debug_line    0x000000000000a010      0x17c /users/leeymcj/dune/eglibc-2.14/eglibc-build/elf/rtld-libc.a(rtld-rewinddir.os)
 .debug_line    0x000000000000a18c      0x214 /users/leeymcj/dune/eglibc-2.14/eglibc-build/elf/rtld-libc.a(rtld-getdents.os)
 .debug_line    0x000000000000a3a0      0x1fb /users/leeymcj/dune/eglibc-2.14/eglibc-build/elf/rtld-libc.a(rtld-fdopendir.os)
 .debug_line    0x000000000000a59b      0x25b /users/leeymcj/dune/eglibc-2.14/eglibc-build/elf/rtld-libc.a(rtld-profil.os)
 .debug_line    0x000000000000a7f6      0x22f /users/leeymcj/dune/eglibc-2.14/eglibc-build/elf/rtld-libc.a(rtld-prof-freq.os)
 .debug_line    0x000000000000aa25       0xf8 /users/leeymcj/dune/eglibc-2.14/eglibc-build/elf/rtld-libc.a(rtld-xstat.os)
 .debug_line    0x000000000000ab1d       0xf9 /users/leeymcj/dune/eglibc-2.14/eglibc-build/elf/rtld-libc.a(rtld-fxstat.os)
 .debug_line    0x000000000000ac16       0xf9 /users/leeymcj/dune/eglibc-2.14/eglibc-build/elf/rtld-libc.a(rtld-lxstat.os)
 .debug_line    0x000000000000ad0f       0x5a /users/leeymcj/dune/eglibc-2.14/eglibc-build/elf/rtld-libc.a(rtld-open.os)
 .debug_line    0x000000000000ad69       0x5a /users/leeymcj/dune/eglibc-2.14/eglibc-build/elf/rtld-libc.a(rtld-close.os)
 .debug_line    0x000000000000adc3       0x5a /users/leeymcj/dune/eglibc-2.14/eglibc-build/elf/rtld-libc.a(rtld-read.os)
 .debug_line    0x000000000000ae1d       0x5a /users/leeymcj/dune/eglibc-2.14/eglibc-build/elf/rtld-libc.a(rtld-write.os)
 .debug_line    0x000000000000ae77       0x5a /users/leeymcj/dune/eglibc-2.14/eglibc-build/elf/rtld-libc.a(rtld-access.os)
 .debug_line    0x000000000000aed1      0x1dd /users/leeymcj/dune/eglibc-2.14/eglibc-build/elf/rtld-libc.a(rtld-fcntl.os)
 .debug_line    0x000000000000b0ae      0x1cb /users/leeymcj/dune/eglibc-2.14/eglibc-build/elf/rtld-libc.a(rtld-getpagesize.os)
 .debug_line    0x000000000000b279       0x5b /users/leeymcj/dune/eglibc-2.14/eglibc-build/elf/rtld-libc.a(rtld-mmap.os)
 .debug_line    0x000000000000b2d4       0x5a /users/leeymcj/dune/eglibc-2.14/eglibc-build/elf/rtld-libc.a(rtld-munmap.os)
 .debug_line    0x000000000000b32e       0x5a /users/leeymcj/dune/eglibc-2.14/eglibc-build/elf/rtld-libc.a(rtld-mprotect.os)
 .debug_line    0x000000000000b388       0x5a /users/leeymcj/dune/eglibc-2.14/eglibc-build/elf/rtld-libc.a(rtld-llseek.os)
 .debug_line    0x000000000000b3e2       0x5a /users/leeymcj/dune/eglibc-2.14/eglibc-build/elf/rtld-libc.a(rtld-uname.os)
 .debug_line    0x000000000000b43c       0xa6 /users/leeymcj/dune/eglibc-2.14/eglibc-build/elf/rtld-libc.a(rtld-_exit.os)
 .debug_line    0x000000000000b4e2       0xa2 /users/leeymcj/dune/eglibc-2.14/eglibc-build/elf/rtld-libc.a(rtld-getpid.os)
 .debug_line    0x000000000000b584       0x58 /users/leeymcj/dune/eglibc-2.14/eglibc-build/elf/rtld-libc.a(rtld-getuid.os)
 .debug_line    0x000000000000b5dc       0x58 /users/leeymcj/dune/eglibc-2.14/eglibc-build/elf/rtld-libc.a(rtld-geteuid.os)
 .debug_line    0x000000000000b634       0x58 /users/leeymcj/dune/eglibc-2.14/eglibc-build/elf/rtld-libc.a(rtld-getgid.os)
 .debug_line    0x000000000000b68c       0x58 /users/leeymcj/dune/eglibc-2.14/eglibc-build/elf/rtld-libc.a(rtld-getegid.os)
 .debug_line    0x000000000000b6e4       0x2a /users/leeymcj/dune/eglibc-2.14/eglibc-build/elf/rtld-libc.a(rtld-environ.os)
 .debug_line    0x000000000000b70e       0x5d /users/leeymcj/dune/eglibc-2.14/eglibc-build/elf/rtld-libc.a(rtld-setjmp.os)
 .debug_line    0x000000000000b76b       0x61 /users/leeymcj/dune/eglibc-2.14/eglibc-build/elf/rtld-libc.a(rtld-__longjmp.os)
 .debug_line    0x000000000000b7cc      0x21c /users/leeymcj/dune/eglibc-2.14/eglibc-build/elf/rtld-libc.a(rtld-sigaction.os)
 .debug_line    0x000000000000b9e8       0x80 /users/leeymcj/dune/eglibc-2.14/eglibc-build/elf/rtld-libc.a(rtld-strchr.os)
 .debug_line    0x000000000000ba68       0x68 /users/leeymcj/dune/eglibc-2.14/eglibc-build/elf/rtld-libc.a(rtld-strcmp.os)
 .debug_line    0x000000000000bad0       0xa2 /users/leeymcj/dune/eglibc-2.14/eglibc-build/elf/rtld-libc.a(rtld-strcpy.os)
 .debug_line    0x000000000000bb72       0xa8 /users/leeymcj/dune/eglibc-2.14/eglibc-build/elf/rtld-libc.a(rtld-strlen.os)
 .debug_line    0x000000000000bc1a       0x70 /users/leeymcj/dune/eglibc-2.14/eglibc-build/elf/rtld-libc.a(rtld-strnlen.os)
 .debug_line    0x000000000000bc8a       0x72 /users/leeymcj/dune/eglibc-2.14/eglibc-build/elf/rtld-libc.a(rtld-memchr.os)
 .debug_line    0x000000000000bcfc      0x1ca /users/leeymcj/dune/eglibc-2.14/eglibc-build/elf/rtld-libc.a(rtld-memcmp.os)
 .debug_line    0x000000000000bec6      0x125 /users/leeymcj/dune/eglibc-2.14/eglibc-build/elf/rtld-libc.a(rtld-memmove.os)
 .debug_line    0x000000000000bfeb      0x18c /users/leeymcj/dune/eglibc-2.14/eglibc-build/elf/rtld-libc.a(rtld-memset.os)
 .debug_line    0x000000000000c177       0xb1 /users/leeymcj/dune/eglibc-2.14/eglibc-build/elf/rtld-libc.a(rtld-mempcpy.os)
 .debug_line    0x000000000000c228       0xa2 /users/leeymcj/dune/eglibc-2.14/eglibc-build/elf/rtld-libc.a(rtld-stpcpy.os)
 .debug_line    0x000000000000c2ca       0xc0 /users/leeymcj/dune/eglibc-2.14/eglibc-build/elf/rtld-libc.a(rtld-memcpy.os)
 .debug_line    0x000000000000c38a      0x1ca /users/leeymcj/dune/eglibc-2.14/eglibc-build/elf/rtld-libc.a(rtld-wordcopy.os)
 .debug_line    0x000000000000c554       0x74 /users/leeymcj/dune/eglibc-2.14/eglibc-build/elf/rtld-libc.a(rtld-rawmemchr.os)
 .debug_line    0x000000000000c5c8      0x39f /users/leeymcj/dune/eglibc-2.14/eglibc-build/elf/rtld-libc.a(rtld-cacheinfo.os)
 .debug_line    0x000000000000c967       0x5a /users/leeymcj/dune/eglibc-2.14/eglibc-build/elf/rtld-libc.a(rtld-setitimer.os)
 .debug_line    0x000000000000c9c1      0x121 /users/leeymcj/dune/eglibc-2.14/eglibc-build/elf/rtld-libc.a(rtld-init-arch.os)
 .debug_line    0x000000000000cae2       0x9b /users/leeymcj/dune/eglibc-2.14/eglibc-build/elf/rtld-libc.a(rtld-bsearch.os)

.debug_frame
 *(.debug_frame)

.debug_str      0x0000000000000000    0x2fc78
 *(.debug_str)
 .debug_str     0x0000000000000000    0x28c5e /users/leeymcj/dune/eglibc-2.14/eglibc-build/elf/dl-allobjs.os
 .debug_str     0x0000000000028c5e      0x323 /users/leeymcj/dune/eglibc-2.14/eglibc-build/elf/rtld-libc.a(rtld-check_fds.os)
 .debug_str     0x0000000000028f81      0x19a /users/leeymcj/dune/eglibc-2.14/eglibc-build/elf/rtld-libc.a(rtld-errno.os)
 .debug_str     0x000000000002911b      0x2ca /users/leeymcj/dune/eglibc-2.14/eglibc-build/elf/rtld-libc.a(rtld-closedir.os)
 .debug_str     0x00000000000293e5      0x342 /users/leeymcj/dune/eglibc-2.14/eglibc-build/elf/rtld-libc.a(rtld-readdir.os)
 .debug_str     0x0000000000029727      0x2ba /users/leeymcj/dune/eglibc-2.14/eglibc-build/elf/rtld-libc.a(rtld-rewinddir.os)
 .debug_str     0x00000000000299e1      0x3bc /users/leeymcj/dune/eglibc-2.14/eglibc-build/elf/rtld-libc.a(rtld-getdents.os)
 .debug_str     0x0000000000029d9d      0x3e7 /users/leeymcj/dune/eglibc-2.14/eglibc-build/elf/rtld-libc.a(rtld-fdopendir.os)
 .debug_str     0x000000000002a184      0x66c /users/leeymcj/dune/eglibc-2.14/eglibc-build/elf/rtld-libc.a(rtld-profil.os)
 .debug_str     0x000000000002a7f0     0x10bb /users/leeymcj/dune/eglibc-2.14/eglibc-build/elf/rtld-libc.a(rtld-prof-freq.os)
 .debug_str     0x000000000002b8ab      0x2e9 /users/leeymcj/dune/eglibc-2.14/eglibc-build/elf/rtld-libc.a(rtld-xstat.os)
 .debug_str     0x000000000002bb94      0x2e7 /users/leeymcj/dune/eglibc-2.14/eglibc-build/elf/rtld-libc.a(rtld-fxstat.os)
 .debug_str     0x000000000002be7b      0x2ec /users/leeymcj/dune/eglibc-2.14/eglibc-build/elf/rtld-libc.a(rtld-lxstat.os)
 .debug_str     0x000000000002c167      0x43a /users/leeymcj/dune/eglibc-2.14/eglibc-build/elf/rtld-libc.a(rtld-fcntl.os)
 .debug_str     0x000000000002c5a1     0x1028 /users/leeymcj/dune/eglibc-2.14/eglibc-build/elf/rtld-libc.a(rtld-getpagesize.os)
 .debug_str     0x000000000002d5c9      0x1d5 /users/leeymcj/dune/eglibc-2.14/eglibc-build/elf/rtld-libc.a(rtld-_exit.os)
 .debug_str     0x000000000002d79e      0x1da /users/leeymcj/dune/eglibc-2.14/eglibc-build/elf/rtld-libc.a(rtld-getpid.os)
 .debug_str     0x000000000002d978      0x13e /users/leeymcj/dune/eglibc-2.14/eglibc-build/elf/rtld-libc.a(rtld-environ.os)
 .debug_str     0x000000000002dab6      0x435 /users/leeymcj/dune/eglibc-2.14/eglibc-build/elf/rtld-libc.a(rtld-sigaction.os)
 .debug_str     0x000000000002deeb      0x1c9 /users/leeymcj/dune/eglibc-2.14/eglibc-build/elf/rtld-libc.a(rtld-memcmp.os)
 .debug_str     0x000000000002e0b4      0x1f3 /users/leeymcj/dune/eglibc-2.14/eglibc-build/elf/rtld-libc.a(rtld-memmove.os)
 .debug_str     0x000000000002e2a7      0x15e /users/leeymcj/dune/eglibc-2.14/eglibc-build/elf/rtld-libc.a(rtld-wordcopy.os)
 .debug_str     0x000000000002e405     0x13ee /users/leeymcj/dune/eglibc-2.14/eglibc-build/elf/rtld-libc.a(rtld-cacheinfo.os)
 .debug_str     0x000000000002f7f3      0x2fe /users/leeymcj/dune/eglibc-2.14/eglibc-build/elf/rtld-libc.a(rtld-init-arch.os)
 .debug_str     0x000000000002faf1      0x187 /users/leeymcj/dune/eglibc-2.14/eglibc-build/elf/rtld-libc.a(rtld-bsearch.os)

.debug_loc      0x0000000000000000    0x300de
 *(.debug_loc)
 .debug_loc     0x0000000000000000    0x28b4f /users/leeymcj/dune/eglibc-2.14/eglibc-build/elf/dl-allobjs.os
 .debug_loc     0x0000000000028b4f       0xe1 /users/leeymcj/dune/eglibc-2.14/eglibc-build/elf/rtld-libc.a(rtld-check_fds.os)
 .debug_loc     0x0000000000028c30       0x82 /users/leeymcj/dune/eglibc-2.14/eglibc-build/elf/rtld-libc.a(rtld-closedir.os)
 .debug_loc     0x0000000000028cb2      0x1e2 /users/leeymcj/dune/eglibc-2.14/eglibc-build/elf/rtld-libc.a(rtld-readdir.os)
 .debug_loc     0x0000000000028e94       0x4c /users/leeymcj/dune/eglibc-2.14/eglibc-build/elf/rtld-libc.a(rtld-rewinddir.os)
 .debug_loc     0x0000000000028ee0      0x9ff /users/leeymcj/dune/eglibc-2.14/eglibc-build/elf/rtld-libc.a(rtld-getdents.os)
 .debug_loc     0x00000000000298df       0x95 /users/leeymcj/dune/eglibc-2.14/eglibc-build/elf/rtld-libc.a(rtld-fdopendir.os)
 .debug_loc     0x0000000000029974      0x23a /users/leeymcj/dune/eglibc-2.14/eglibc-build/elf/rtld-libc.a(rtld-profil.os)
 .debug_loc     0x0000000000029bae      0x20a /users/leeymcj/dune/eglibc-2.14/eglibc-build/elf/rtld-libc.a(rtld-xstat.os)
 .debug_loc     0x0000000000029db8      0x1ff /users/leeymcj/dune/eglibc-2.14/eglibc-build/elf/rtld-libc.a(rtld-fxstat.os)
 .debug_loc     0x0000000000029fb7      0x20a /users/leeymcj/dune/eglibc-2.14/eglibc-build/elf/rtld-libc.a(rtld-lxstat.os)
 .debug_loc     0x000000000002a1c1      0x692 /users/leeymcj/dune/eglibc-2.14/eglibc-build/elf/rtld-libc.a(rtld-fcntl.os)
 .debug_loc     0x000000000002a853      0x15b /users/leeymcj/dune/eglibc-2.14/eglibc-build/elf/rtld-libc.a(rtld-_exit.os)